<html>
<body>
<pre>
<h1>µVision Build Log</h1>
<h2>Tool Versions:</h2>
IDE-Version: ¦ÌVision V5.26.2.0
Copyright (C) 2018 ARM Ltd and ARM Germany GmbH. All rights reserved.
License Information: a b, c, LIC=UJWP0-BABZQ-56WQ2-9RWJT-TM538-1S9FW
 
Tool Versions:
Toolchain:       MDK-ARM Plus  Version: 5.26.2.0
Toolchain Path:  E:\software\keil\keil_v5\ARM\ARMCC\Bin
C Compiler:      Armcc.exe V5.06 update 6 (build 750)
Assembler:       Armasm.exe V5.06 update 6 (build 750)
Linker/Locator:  ArmLink.exe V5.06 update 6 (build 750)
Library Manager: ArmAr.exe V5.06 update 6 (build 750)
Hex Converter:   FromElf.exe V5.06 update 6 (build 750)
CPU DLL:         SARMCM3.DLL V5.26.2.0
Dialog DLL:      DCM.DLL V1.17.2.0
Target DLL:      STLink\ST-LINKIII-KEIL_SWO.dll V3.0.5.0
Dialog DLL:      TCM.DLL V1.36.1.0
 
<h2>Project:</h2>
E:\plante\IIC\demo1\MDK-ARM\demo.uvprojx
Project File Date:  07/30/2023

<h2>Output:</h2>
*** Using Compiler 'V5.06 update 6 (build 750)', folder: 'E:\software\keil\keil_v5\ARM\ARMCC\Bin'
Build target 'demo'
assembling startup_stm32h750xx.s...
compiling stm32h7xx_hal_cortex.c...
compiling usart.c...
compiling stm32h7xx_it.c...
compiling i2c.c...
compiling gpio.c...
compiling main.c...
compiling stm32h7xx_hal_msp.c...
compiling stm32h7xx_hal_i2c_ex.c...
compiling stm32h7xx_hal_i2c.c...
compiling stm32h7xx_hal_rcc.c...
compiling stm32h7xx_hal_rcc_ex.c...
compiling stm32h7xx_hal_flash.c...
compiling stm32h7xx_hal_gpio.c...
compiling stm32h7xx_hal_mdma.c...
compiling stm32h7xx_hal_hsem.c...
compiling stm32h7xx_hal_flash_ex.c...
compiling stm32h7xx_hal_exti.c...
compiling stm32h7xx_hal_pwr.c...
compiling stm32h7xx_hal.c...
compiling stm32h7xx_hal_dma_ex.c...
compiling stm32h7xx_hal_pwr_ex.c...
compiling stm32h7xx_hal_dma.c...
compiling stm32h7xx_hal_tim.c...
compiling system_stm32h7xx.c...
compiling stm32h7xx_hal_tim_ex.c...
compiling stm32h7xx_hal_uart_ex.c...
compiling stm32h7xx_hal_uart.c...
linking...
Program Size: Code=13884 RO-data=752 RW-data=28 ZI-data=1756  
FromELF: creating hex file...
"demo\demo.axf" - 0 Error(s), 0 Warning(s).

<h2>Software Packages used:</h2>

Package Vendor: ARM
                http://www.keil.com/pack/ARM.CMSIS.5.4.0.pack
                ARM.CMSIS.5.4.0
                CMSIS (Cortex Microcontroller Software Interface Standard)
   * Component: CORE Version: 5.1.2

Package Vendor: Keil
                http://www.keil.com/pack/Keil.STM32H7xx_DFP.2.7.0.pack
                Keil.STM32H7xx_DFP.2.7.0
                STMicroelectronics STM32H7 Series Device Support and Examples

<h2>Collection of Component include folders:</h2>
  .\RTE\_demo
  E:\software\keil\keil_v5\ARM\PACK\ARM\CMSIS\5.4.0\CMSIS\Core\Include
  E:\software\keil\keil_v5\ARM\PACK\Keil\STM32H7xx_DFP\2.7.0\Drivers\CMSIS\Device\ST\STM32H7xx\Include

<h2>Collection of Component Files used:</h2>

   * Component: ARM::CMSIS:CORE:5.1.2
Build Time Elapsed:  00:01:16
</pre>
</body>
</html>
