Component: ARM Compiler 5.06 update 6 (build 750) Tool: armlink [4d35ed]

==============================================================================

Section Cross References

    startup_stm32h750xx.o(RESET) refers to startup_stm32h750xx.o(STACK) for __initial_sp
    startup_stm32h750xx.o(RESET) refers to startup_stm32h750xx.o(.text) for Reset_Handler
    startup_stm32h750xx.o(RESET) refers to stm32h7xx_it.o(i.NMI_Handler) for NMI_Handler
    startup_stm32h750xx.o(RESET) refers to stm32h7xx_it.o(i.HardFault_Handler) for HardFault_Handler
    startup_stm32h750xx.o(RESET) refers to stm32h7xx_it.o(i.MemManage_Handler) for MemManage_Handler
    startup_stm32h750xx.o(RESET) refers to stm32h7xx_it.o(i.BusFault_Handler) for BusFault_Handler
    startup_stm32h750xx.o(RESET) refers to stm32h7xx_it.o(i.UsageFault_Handler) for UsageFault_Handler
    startup_stm32h750xx.o(RESET) refers to stm32h7xx_it.o(i.SVC_Handler) for SVC_Handler
    startup_stm32h750xx.o(RESET) refers to stm32h7xx_it.o(i.DebugMon_Handler) for DebugMon_Handler
    startup_stm32h750xx.o(RESET) refers to stm32h7xx_it.o(i.PendSV_Handler) for PendSV_Handler
    startup_stm32h750xx.o(RESET) refers to stm32h7xx_it.o(i.SysTick_Handler) for SysTick_Handler
    startup_stm32h750xx.o(RESET) refers to stm32h7xx_it.o(i.DMA1_Stream0_IRQHandler) for DMA1_Stream0_IRQHandler
    startup_stm32h750xx.o(RESET) refers to stm32h7xx_it.o(i.DMA1_Stream1_IRQHandler) for DMA1_Stream1_IRQHandler
    startup_stm32h750xx.o(RESET) refers to stm32h7xx_it.o(i.I2C1_EV_IRQHandler) for I2C1_EV_IRQHandler
    startup_stm32h750xx.o(RESET) refers to stm32h7xx_it.o(i.I2C1_ER_IRQHandler) for I2C1_ER_IRQHandler
    startup_stm32h750xx.o(.text) refers to system_stm32h7xx.o(i.SystemInit) for SystemInit
    startup_stm32h750xx.o(.text) refers to entry.o(.ARM.Collect$$$$00000000) for __main
    main.o(i.SystemClock_Config) refers to memseta.o(.text) for __aeabi_memclr4
    main.o(i.SystemClock_Config) refers to stm32h7xx_hal_pwr_ex.o(i.HAL_PWREx_ConfigSupply) for HAL_PWREx_ConfigSupply
    main.o(i.SystemClock_Config) refers to stm32h7xx_hal_rcc.o(i.HAL_RCC_OscConfig) for HAL_RCC_OscConfig
    main.o(i.SystemClock_Config) refers to stm32h7xx_hal_rcc.o(i.HAL_RCC_ClockConfig) for HAL_RCC_ClockConfig
    main.o(i.main) refers to stm32h7xx_hal.o(i.HAL_Init) for HAL_Init
    main.o(i.main) refers to main.o(i.SystemClock_Config) for SystemClock_Config
    main.o(i.main) refers to gpio.o(i.MX_GPIO_Init) for MX_GPIO_Init
    main.o(i.main) refers to usart.o(i.MX_LPUART1_UART_Init) for MX_LPUART1_UART_Init
    main.o(i.main) refers to dma.o(i.MX_DMA_Init) for MX_DMA_Init
    main.o(i.main) refers to i2c.o(i.MX_I2C1_Init) for MX_I2C1_Init
    main.o(i.main) refers to 24c02dev.o(i.AT24C02_Inspect) for AT24C02_Inspect
    dma.o(i.MX_DMA_Init) refers to stm32h7xx_hal_cortex.o(i.HAL_NVIC_SetPriority) for HAL_NVIC_SetPriority
    dma.o(i.MX_DMA_Init) refers to stm32h7xx_hal_cortex.o(i.HAL_NVIC_EnableIRQ) for HAL_NVIC_EnableIRQ
    i2c.o(i.HAL_I2C_MspDeInit) refers to stm32h7xx_hal_gpio.o(i.HAL_GPIO_DeInit) for HAL_GPIO_DeInit
    i2c.o(i.HAL_I2C_MspDeInit) refers to stm32h7xx_hal_dma.o(i.HAL_DMA_DeInit) for HAL_DMA_DeInit
    i2c.o(i.HAL_I2C_MspDeInit) refers to stm32h7xx_hal_cortex.o(i.HAL_NVIC_DisableIRQ) for HAL_NVIC_DisableIRQ
    i2c.o(i.HAL_I2C_MspInit) refers to memseta.o(.text) for __aeabi_memclr4
    i2c.o(i.HAL_I2C_MspInit) refers to stm32h7xx_hal_rcc_ex.o(i.HAL_RCCEx_PeriphCLKConfig) for HAL_RCCEx_PeriphCLKConfig
    i2c.o(i.HAL_I2C_MspInit) refers to main.o(i.Error_Handler) for Error_Handler
    i2c.o(i.HAL_I2C_MspInit) refers to stm32h7xx_hal_gpio.o(i.HAL_GPIO_Init) for HAL_GPIO_Init
    i2c.o(i.HAL_I2C_MspInit) refers to stm32h7xx_hal_dma.o(i.HAL_DMA_Init) for HAL_DMA_Init
    i2c.o(i.HAL_I2C_MspInit) refers to stm32h7xx_hal_cortex.o(i.HAL_NVIC_SetPriority) for HAL_NVIC_SetPriority
    i2c.o(i.HAL_I2C_MspInit) refers to stm32h7xx_hal_cortex.o(i.HAL_NVIC_EnableIRQ) for HAL_NVIC_EnableIRQ
    i2c.o(i.HAL_I2C_MspInit) refers to i2c.o(.bss) for .bss
    i2c.o(i.MX_I2C1_Init) refers to stm32h7xx_hal_i2c.o(i.HAL_I2C_Init) for HAL_I2C_Init
    i2c.o(i.MX_I2C1_Init) refers to main.o(i.Error_Handler) for Error_Handler
    i2c.o(i.MX_I2C1_Init) refers to stm32h7xx_hal_i2c_ex.o(i.HAL_I2CEx_ConfigAnalogFilter) for HAL_I2CEx_ConfigAnalogFilter
    i2c.o(i.MX_I2C1_Init) refers to stm32h7xx_hal_i2c_ex.o(i.HAL_I2CEx_ConfigDigitalFilter) for HAL_I2CEx_ConfigDigitalFilter
    i2c.o(i.MX_I2C1_Init) refers to i2c.o(.bss) for .bss
    usart.o(i.HAL_UART_MspDeInit) refers to stm32h7xx_hal_gpio.o(i.HAL_GPIO_DeInit) for HAL_GPIO_DeInit
    usart.o(i.HAL_UART_MspInit) refers to memseta.o(.text) for __aeabi_memclr4
    usart.o(i.HAL_UART_MspInit) refers to stm32h7xx_hal_rcc_ex.o(i.HAL_RCCEx_PeriphCLKConfig) for HAL_RCCEx_PeriphCLKConfig
    usart.o(i.HAL_UART_MspInit) refers to main.o(i.Error_Handler) for Error_Handler
[...]
    Removing stm32h7xx_hal.o(i.HAL_ResumeTick), (14 bytes).
    Removing stm32h7xx_hal.o(i.HAL_SYSCFG_AnalogSwitchConfig), (16 bytes).
    Removing stm32h7xx_hal.o(i.HAL_SYSCFG_CM7BootAddConfig), (36 bytes).
    Removing stm32h7xx_hal.o(i.HAL_SYSCFG_CompensationCodeConfig), (24 bytes).
    Removing stm32h7xx_hal.o(i.HAL_SYSCFG_CompensationCodeSelect), (20 bytes).
    Removing stm32h7xx_hal.o(i.HAL_SYSCFG_DisableBOOST), (16 bytes).
    Removing stm32h7xx_hal.o(i.HAL_SYSCFG_DisableIOSpeedOptimize), (16 bytes).
    Removing stm32h7xx_hal.o(i.HAL_SYSCFG_DisableVREFBUF), (16 bytes).
    Removing stm32h7xx_hal.o(i.HAL_SYSCFG_ETHInterfaceSelect), (20 bytes).
    Removing stm32h7xx_hal.o(i.HAL_SYSCFG_EnableBOOST), (16 bytes).
    Removing stm32h7xx_hal.o(i.HAL_SYSCFG_EnableIOSpeedOptimize), (16 bytes).
    Removing stm32h7xx_hal.o(i.HAL_SYSCFG_EnableVREFBUF), (48 bytes).
    Removing stm32h7xx_hal.o(i.HAL_SYSCFG_VREFBUF_HighImpedanceConfig), (20 bytes).
    Removing stm32h7xx_hal.o(i.HAL_SYSCFG_VREFBUF_TrimmingConfig), (20 bytes).
    Removing stm32h7xx_hal.o(i.HAL_SYSCFG_VREFBUF_VoltageScalingConfig), (20 bytes).
    Removing stm32h7xx_hal.o(i.HAL_SetFMCMemorySwappingConfig), (20 bytes).
    Removing stm32h7xx_hal.o(i.HAL_SetTickFreq), (36 bytes).
    Removing stm32h7xx_hal.o(i.HAL_SuspendTick), (14 bytes).
    Removing stm32h7xx_hal_exti.o(.rev16_text), (4 bytes).
    Removing stm32h7xx_hal_exti.o(.revsh_text), (4 bytes).
    Removing stm32h7xx_hal_exti.o(.rrx_text), (6 bytes).
    Removing stm32h7xx_hal_exti.o(i.HAL_EXTI_ClearConfigLine), (200 bytes).
    Removing stm32h7xx_hal_exti.o(i.HAL_EXTI_ClearPending), (28 bytes).
    Removing stm32h7xx_hal_exti.o(i.HAL_EXTI_GenerateSWI), (28 bytes).
    Removing stm32h7xx_hal_exti.o(i.HAL_EXTI_GetConfigLine), (240 bytes).
    Removing stm32h7xx_hal_exti.o(i.HAL_EXTI_GetHandle), (12 bytes).
    Removing stm32h7xx_hal_exti.o(i.HAL_EXTI_GetPending), (32 bytes).
    Removing stm32h7xx_hal_exti.o(i.HAL_EXTI_IRQHandler), (48 bytes).
    Removing stm32h7xx_hal_exti.o(i.HAL_EXTI_RegisterCallback), (18 bytes).
    Removing stm32h7xx_hal_exti.o(i.HAL_EXTI_SetConfigLine), (268 bytes).
    Removing stm32h7xx_hal_uart.o(.rev16_text), (4 bytes).
    Removing stm32h7xx_hal_uart.o(.revsh_text), (4 bytes).
    Removing stm32h7xx_hal_uart.o(.rrx_text), (6 bytes).
    Removing stm32h7xx_hal_uart.o(i.HAL_HalfDuplex_EnableReceiver), (76 bytes).
    Removing stm32h7xx_hal_uart.o(i.HAL_HalfDuplex_EnableTransmitter), (76 bytes).
    Removing stm32h7xx_hal_uart.o(i.HAL_HalfDuplex_Init), (116 bytes).
    Removing stm32h7xx_hal_uart.o(i.HAL_LIN_Init), (140 bytes).
    Removing stm32h7xx_hal_uart.o(i.HAL_LIN_SendBreak), (50 bytes).
    Removing stm32h7xx_hal_uart.o(i.HAL_MultiProcessor_DisableMuteMode), (52 bytes).
    Removing stm32h7xx_hal_uart.o(i.HAL_MultiProcessor_EnableMuteMode), (52 bytes).
    Removing stm32h7xx_hal_uart.o(i.HAL_MultiProcessor_EnterMuteMode), (12 bytes).
    Removing stm32h7xx_hal_uart.o(i.HAL_MultiProcessor_Init), (138 bytes).
    Removing stm32h7xx_hal_uart.o(i.HAL_UARTEx_RxEventCallback), (2 bytes).
    Removing stm32h7xx_hal_uart.o(i.HAL_UART_Abort), (252 bytes).
    Removing stm32h7xx_hal_uart.o(i.HAL_UART_AbortCpltCallback), (2 bytes).
    Removing stm32h7xx_hal_uart.o(i.HAL_UART_AbortReceive), (168 bytes).
    Removing stm32h7xx_hal_uart.o(i.HAL_UART_AbortReceiveCpltCallback), (2 bytes).
    Removing stm32h7xx_hal_uart.o(i.HAL_UART_AbortReceive_IT), (180 bytes).
    Removing stm32h7xx_hal_uart.o(i.HAL_UART_AbortTransmit), (140 bytes).
    Removing stm32h7xx_hal_uart.o(i.HAL_UART_AbortTransmitCpltCallback), (2 bytes).
    Removing stm32h7xx_hal_uart.o(i.HAL_UART_AbortTransmit_IT), (152 bytes).
    Removing stm32h7xx_hal_uart.o(i.HAL_UART_Abort_IT), (288 bytes).
    Removing stm32h7xx_hal_uart.o(i.HAL_UART_DMAPause), (142 bytes).
    Removing stm32h7xx_hal_uart.o(i.HAL_UART_DMAResume), (134 bytes).
    Removing stm32h7xx_hal_uart.o(i.HAL_UART_DMAStop), (142 bytes).
    Removing stm32h7xx_hal_uart.o(i.HAL_UART_DeInit), (68 bytes).
    Removing stm32h7xx_hal_uart.o(i.HAL_UART_DisableReceiverTimeout), (76 bytes).
    Removing stm32h7xx_hal_uart.o(i.HAL_UART_EnableReceiverTimeout), (76 bytes).
    Removing stm32h7xx_hal_uart.o(i.HAL_UART_ErrorCallback), (2 bytes).
    Removing stm32h7xx_hal_uart.o(i.HAL_UART_GetError), (6 bytes).
    Removing stm32h7xx_hal_uart.o(i.HAL_UART_GetState), (14 bytes).
    Removing stm32h7xx_hal_uart.o(i.HAL_UART_IRQHandler), (864 bytes).
    Removing stm32h7xx_hal_uart.o(i.HAL_UART_MspDeInit), (2 bytes).
    Removing stm32h7xx_hal_uart.o(i.HAL_UART_MspInit), (2 bytes).
    Removing stm32h7xx_hal_uart.o(i.HAL_UART_Receive), (254 bytes).
    Removing stm32h7xx_hal_uart.o(i.HAL_UART_Receive_DMA), (84 bytes).
    Removing stm32h7xx_hal_uart.o(i.HAL_UART_Receive_IT), (84 bytes).
    Removing stm32h7xx_hal_uart.o(i.HAL_UART_ReceiverTimeout_Config), (24 bytes).
    Removing stm32h7xx_hal_uart.o(i.HAL_UART_RxCpltCallback), (2 bytes).
    Removing stm32h7xx_hal_uart.o(i.HAL_UART_RxHalfCpltCallback), (2 bytes).
    Removing stm32h7xx_hal_uart.o(i.HAL_UART_Transmit_DMA), (168 bytes).
    Removing stm32h7xx_hal_uart.o(i.HAL_UART_Transmit_IT), (172 bytes).
    Removing stm32h7xx_hal_uart.o(i.HAL_UART_TxCpltCallback), (2 bytes).
    Removing stm32h7xx_hal_uart.o(i.HAL_UART_TxHalfCpltCallback), (2 bytes).
    Removing stm32h7xx_hal_uart.o(i.UART_DMAAbortOnError), (20 bytes).
    Removing stm32h7xx_hal_uart.o(i.UART_DMAError), (78 bytes).
    Removing stm32h7xx_hal_uart.o(i.UART_DMAReceiveCplt), (128 bytes).
    Removing stm32h7xx_hal_uart.o(i.UART_DMARxAbortCallback), (66 bytes).
    Removing stm32h7xx_hal_uart.o(i.UART_DMARxHalfCplt), (28 bytes).
    Removing stm32h7xx_hal_uart.o(i.UART_DMARxOnlyAbortCallback), (40 bytes).
    Removing stm32h7xx_hal_uart.o(i.UART_DMATransmitCplt), (64 bytes).
    Removing stm32h7xx_hal_uart.o(i.UART_DMATxAbortCallback), (74 bytes).
    Removing stm32h7xx_hal_uart.o(i.UART_DMATxHalfCplt), (10 bytes).
    Removing stm32h7xx_hal_uart.o(i.UART_DMATxOnlyAbortCallback), (40 bytes).
    Removing stm32h7xx_hal_uart.o(i.UART_EndRxTransfer), (84 bytes).
    Removing stm32h7xx_hal_uart.o(i.UART_EndTxTransfer), (46 bytes).
    Removing stm32h7xx_hal_uart.o(i.UART_RxISR_16BIT), (162 bytes).
    Removing stm32h7xx_hal_uart.o(i.UART_RxISR_16BIT_FIFOEN), (372 bytes).
    Removing stm32h7xx_hal_uart.o(i.UART_RxISR_8BIT), (162 bytes).
    Removing stm32h7xx_hal_uart.o(i.UART_RxISR_8BIT_FIFOEN), (372 bytes).
    Removing stm32h7xx_hal_uart.o(i.UART_Start_Receive_DMA), (168 bytes).
    Removing stm32h7xx_hal_uart.o(i.UART_Start_Receive_IT), (280 bytes).
    Removing stm32h7xx_hal_uart.o(i.UART_TxISR_16BIT), (82 bytes).
    Removing stm32h7xx_hal_uart.o(i.UART_TxISR_16BIT_FIFOEN), (106 bytes).
    Removing stm32h7xx_hal_uart.o(i.UART_TxISR_8BIT), (78 bytes).
    Removing stm32h7xx_hal_uart.o(i.UART_TxISR_8BIT_FIFOEN), (102 bytes).
    Removing stm32h7xx_hal_uart_ex.o(.rev16_text), (4 bytes).
    Removing stm32h7xx_hal_uart_ex.o(.revsh_text), (4 bytes).
    Removing stm32h7xx_hal_uart_ex.o(.rrx_text), (6 bytes).
    Removing stm32h7xx_hal_uart_ex.o(i.HAL_MultiProcessorEx_AddressLength_Set), (48 bytes).
    Removing stm32h7xx_hal_uart_ex.o(i.HAL_RS485Ex_Init), (140 bytes).
    Removing stm32h7xx_hal_uart_ex.o(i.HAL_UARTEx_DisableStopMode), (46 bytes).
    Removing stm32h7xx_hal_uart_ex.o(i.HAL_UARTEx_EnableFifoMode), (72 bytes).
    Removing stm32h7xx_hal_uart_ex.o(i.HAL_UARTEx_EnableStopMode), (46 bytes).
    Removing stm32h7xx_hal_uart_ex.o(i.HAL_UARTEx_ReceiveToIdle), (316 bytes).
    Removing stm32h7xx_hal_uart_ex.o(i.HAL_UARTEx_ReceiveToIdle_DMA), (82 bytes).
    Removing stm32h7xx_hal_uart_ex.o(i.HAL_UARTEx_ReceiveToIdle_IT), (82 bytes).
    Removing stm32h7xx_hal_uart_ex.o(i.HAL_UARTEx_RxFifoFullCallback), (2 bytes).
    Removing stm32h7xx_hal_uart_ex.o(i.HAL_UARTEx_StopModeWakeUpSourceConfig), (140 bytes).
    Removing stm32h7xx_hal_uart_ex.o(i.HAL_UARTEx_TxFifoEmptyCallback), (2 bytes).
    Removing stm32h7xx_hal_uart_ex.o(i.HAL_UARTEx_WakeupCallback), (2 bytes).
    Removing stm32h7xx_hal_tim.o(.rev16_text), (4 bytes).
    Removing stm32h7xx_hal_tim.o(.revsh_text), (4 bytes).
    Removing stm32h7xx_hal_tim.o(.rrx_text), (6 bytes).
    Removing stm32h7xx_hal_tim_ex.o(.rev16_text), (4 bytes).
    Removing stm32h7xx_hal_tim_ex.o(.revsh_text), (4 bytes).
    Removing stm32h7xx_hal_tim_ex.o(.rrx_text), (6 bytes).
    Removing 24c02dev.o(.rev16_text), (4 bytes).
    Removing 24c02dev.o(.revsh_text), (4 bytes).
    Removing 24c02dev.o(.rrx_text), (6 bytes).
    Removing 24c02dev.o(i.AT24C02_Read), (52 bytes).
    Removing 24c02dev.o(i.AT24C02_Read_Array), (46 bytes).
    Removing dadd.o(.text), (334 bytes).
    Removing dmul.o(.text), (228 bytes).
    Removing ddiv.o(.text), (222 bytes).
    Removing dfixul.o(.text), (48 bytes).
    Removing cdrcmple.o(.text), (48 bytes).
    Removing depilogue.o(.text), (186 bytes).

452 unused section(s) (total 36768 bytes) removed from the image.

==============================================================================

Image Symbol Table

    Local Symbols

    Symbol Name                              Value     Ov Type        Size  Object(Section)

    ../Core/Src/dma.c                        0x00000000   Number         0  dma.o ABSOLUTE
    ../Core/Src/gpio.c                       0x00000000   Number         0  gpio.o ABSOLUTE
    ../Core/Src/i2c.c                        0x00000000   Number         0  i2c.o ABSOLUTE
    ../Core/Src/main.c                       0x00000000   Number         0  main.o ABSOLUTE
    ../Core/Src/stm32h7xx_hal_msp.c          0x00000000   Number         0  stm32h7xx_hal_msp.o ABSOLUTE
    ../Core/Src/stm32h7xx_it.c               0x00000000   Number         0  stm32h7xx_it.o ABSOLUTE
    ../Core/Src/system_stm32h7xx.c           0x00000000   Number         0  system_stm32h7xx.o ABSOLUTE
    ../Core/Src/usart.c                      0x00000000   Number         0  usart.o ABSOLUTE
    ../Drivers/STM32H7xx_HAL_Driver/Src/stm32h7xx_hal.c 0x00000000   Number         0  stm32h7xx_hal.o ABSOLUTE
    ../Drivers/STM32H7xx_HAL_Driver/Src/stm32h7xx_hal_cortex.c 0x00000000   Number         0  stm32h7xx_hal_cortex.o ABSOLUTE
    ../Drivers/STM32H7xx_HAL_Driver/Src/stm32h7xx_hal_dma.c 0x00000000   Number         0  stm32h7xx_hal_dma.o ABSOLUTE
    ../Drivers/STM32H7xx_HAL_Driver/Src/stm32h7xx_hal_dma_ex.c 0x00000000   Number         0  stm32h7xx_hal_dma_ex.o ABSOLUTE
    ../Drivers/STM32H7xx_HAL_Driver/Src/stm32h7xx_hal_exti.c 0x00000000   Number         0  stm32h7xx_hal_exti.o ABSOLUTE
    ../Drivers/STM32H7xx_HAL_Driver/Src/stm32h7xx_hal_flash.c 0x00000000   Number         0  stm32h7xx_hal_flash.o ABSOLUTE
    ../Drivers/STM32H7xx_HAL_Driver/Src/stm32h7xx_hal_flash_ex.c 0x00000000   Number         0  stm32h7xx_hal_flash_ex.o ABSOLUTE
    ../Drivers/STM32H7xx_HAL_Driver/Src/stm32h7xx_hal_gpio.c 0x00000000   Number         0  stm32h7xx_hal_gpio.o ABSOLUTE
    ../Drivers/STM32H7xx_HAL_Driver/Src/stm32h7xx_hal_hsem.c 0x00000000   Number         0  stm32h7xx_hal_hsem.o ABSOLUTE
    ../Drivers/STM32H7xx_HAL_Driver/Src/stm32h7xx_hal_i2c.c 0x00000000   Number         0  stm32h7xx_hal_i2c.o ABSOLUTE
    ../Drivers/STM32H7xx_HAL_Driver/Src/stm32h7xx_hal_i2c_ex.c 0x00000000   Number         0  stm32h7xx_hal_i2c_ex.o ABSOLUTE
    ../Drivers/STM32H7xx_HAL_Driver/Src/stm32h7xx_hal_mdma.c 0x00000000   Number         0  stm32h7xx_hal_mdma.o ABSOLUTE
    ../Drivers/STM32H7xx_HAL_Driver/Src/stm32h7xx_hal_pwr.c 0x00000000   Number         0  stm32h7xx_hal_pwr.o ABSOLUTE
    ../Drivers/STM32H7xx_HAL_Driver/Src/stm32h7xx_hal_pwr_ex.c 0x00000000   Number         0  stm32h7xx_hal_pwr_ex.o ABSOLUTE
    ../Drivers/STM32H7xx_HAL_Driver/Src/stm32h7xx_hal_rcc.c 0x00000000   Number         0  stm32h7xx_hal_rcc.o ABSOLUTE
    ../Drivers/STM32H7xx_HAL_Driver/Src/stm32h7xx_hal_rcc_ex.c 0x00000000   Number         0  stm32h7xx_hal_rcc_ex.o ABSOLUTE
    ../Drivers/STM32H7xx_HAL_Driver/Src/stm32h7xx_hal_tim.c 0x00000000   Number         0  stm32h7xx_hal_tim.o ABSOLUTE
    ../Drivers/STM32H7xx_HAL_Driver/Src/stm32h7xx_hal_tim_ex.c 0x00000000   Number         0  stm32h7xx_hal_tim_ex.o ABSOLUTE
    ../Drivers/STM32H7xx_HAL_Driver/Src/stm32h7xx_hal_uart.c 0x00000000   Number         0  stm32h7xx_hal_uart.o ABSOLUTE
    ../Drivers/STM32H7xx_HAL_Driver/Src/stm32h7xx_hal_uart_ex.c 0x00000000   Number         0  stm32h7xx_hal_uart_ex.o ABSOLUTE
    ../clib/microlib/division.c              0x00000000   Number         0  uldiv.o ABSOLUTE
    ../clib/microlib/division.c              0x00000000   Number         0  uidiv.o ABSOLUTE
    ../clib/microlib/init/entry.s            0x00000000   Number         0  entry9a.o ABSOLUTE
    ../clib/microlib/init/entry.s            0x00000000   Number         0  entry.o ABSOLUTE
    ../clib/microlib/init/entry.s            0x00000000   Number         0  entry9b.o ABSOLUTE
    ../clib/microlib/init/entry.s            0x00000000   Number         0  entry5.o ABSOLUTE
    ../clib/microlib/init/entry.s            0x00000000   Number         0  entry2.o ABSOLUTE
    ../clib/microlib/init/entry.s            0x00000000   Number         0  entry7a.o ABSOLUTE
    ../clib/microlib/init/entry.s            0x00000000   Number         0  entry8b.o ABSOLUTE
    ../clib/microlib/init/entry.s            0x00000000   Number         0  entry11a.o ABSOLUTE
    ../clib/microlib/init/entry.s            0x00000000   Number         0  entry10b.o ABSOLUTE
    ../clib/microlib/init/entry.s            0x00000000   Number         0  entry8a.o ABSOLUTE
    ../clib/microlib/init/entry.s            0x00000000   Number         0  entry7b.o ABSOLUTE
    ../clib/microlib/init/entry.s            0x00000000   Number         0  entry11b.o ABSOLUTE
    ../clib/microlib/init/entry.s            0x00000000   Number         0  entry10a.o ABSOLUTE
    ../clib/microlib/longlong.c              0x00000000   Number         0  llsshr.o ABSOLUTE
    ../clib/microlib/longlong.c              0x00000000   Number         0  llushr.o ABSOLUTE
    ../clib/microlib/longlong.c              0x00000000   Number         0  llshl.o ABSOLUTE
    ../clib/microlib/printf/printf.c         0x00000000   Number         0  printf5.o ABSOLUTE
    ../clib/microlib/printf/printf.c         0x00000000   Number         0  printf6.o ABSOLUTE
    ../clib/microlib/printf/printf.c         0x00000000   Number         0  printf7.o ABSOLUTE
    ../clib/microlib/printf/printf.c         0x00000000   Number         0  printf2.o ABSOLUTE
    ../clib/microlib/printf/printf.c         0x00000000   Number         0  printf8.o ABSOLUTE
    ../clib/microlib/printf/printf.c         0x00000000   Number         0  printfa.o ABSOLUTE
    ../clib/microlib/printf/printf.c         0x00000000   Number         0  printfb.o ABSOLUTE
    ../clib/microlib/printf/printf.c         0x00000000   Number         0  printf0.o ABSOLUTE
    ../clib/microlib/printf/printf.c         0x00000000   Number         0  printf1.o ABSOLUTE
    ../clib/microlib/printf/printf.c         0x00000000   Number         0  printf3.o ABSOLUTE
    ../clib/microlib/printf/printf.c         0x00000000   Number         0  printf4.o ABSOLUTE
    ../clib/microlib/stdio/streams.c         0x00000000   Number         0  stdout.o ABSOLUTE
    ../clib/microlib/string/memcmp.c         0x00000000   Number         0  memcmp.o ABSOLUTE
    ../clib/microlib/string/memset.c         0x00000000   Number         0  memseta.o ABSOLUTE
    ../clib/microlib/stubs.s                 0x00000000   Number         0  iusefp.o ABSOLUTE
    ../fplib/microlib/fpadd.c                0x00000000   Number         0  dadd.o ABSOLUTE
    ../fplib/microlib/fpdiv.c                0x00000000   Number         0  ddiv.o ABSOLUTE
    ../fplib/microlib/fpepilogue.c           0x00000000   Number         0  depilogue.o ABSOLUTE
    ../fplib/microlib/fpfix.c                0x00000000   Number         0  dfixul.o ABSOLUTE
    ../fplib/microlib/fpmul.c                0x00000000   Number         0  dmul.o ABSOLUTE
    ..\24C02Dev\24C02Dev.c                   0x00000000   Number         0  24c02dev.o ABSOLUTE
    ..\Core\Src\dma.c                        0x00000000   Number         0  dma.o ABSOLUTE
    ..\Core\Src\gpio.c                       0x00000000   Number         0  gpio.o ABSOLUTE
    ..\Core\Src\i2c.c                        0x00000000   Number         0  i2c.o ABSOLUTE
    ..\Core\Src\main.c                       0x00000000   Number         0  main.o ABSOLUTE
    ..\Core\Src\stm32h7xx_hal_msp.c          0x00000000   Number         0  stm32h7xx_hal_msp.o ABSOLUTE
    ..\Core\Src\stm32h7xx_it.c               0x00000000   Number         0  stm32h7xx_it.o ABSOLUTE
    ..\Core\Src\system_stm32h7xx.c           0x00000000   Number         0  system_stm32h7xx.o ABSOLUTE
    ..\Core\Src\usart.c                      0x00000000   Number         0  usart.o ABSOLUTE
    ..\Drivers\STM32H7xx_HAL_Driver\Src\stm32h7xx_hal.c 0x00000000   Number         0  stm32h7xx_hal.o ABSOLUTE
    ..\Drivers\STM32H7xx_HAL_Driver\Src\stm32h7xx_hal_cortex.c 0x00000000   Number         0  stm32h7xx_hal_cortex.o ABSOLUTE
    ..\Drivers\STM32H7xx_HAL_Driver\Src\stm32h7xx_hal_dma.c 0x00000000   Number         0  stm32h7xx_hal_dma.o ABSOLUTE
    ..\Drivers\STM32H7xx_HAL_Driver\Src\stm32h7xx_hal_dma_ex.c 0x00000000   Number         0  stm32h7xx_hal_dma_ex.o ABSOLUTE
    ..\Drivers\STM32H7xx_HAL_Driver\Src\stm32h7xx_hal_exti.c 0x00000000   Number         0  stm32h7xx_hal_exti.o ABSOLUTE
    ..\Drivers\STM32H7xx_HAL_Driver\Src\stm32h7xx_hal_flash.c 0x00000000   Number         0  stm32h7xx_hal_flash.o ABSOLUTE
    ..\Drivers\STM32H7xx_HAL_Driver\Src\stm32h7xx_hal_flash_ex.c 0x00000000   Number         0  stm32h7xx_hal_flash_ex.o ABSOLUTE
    ..\Drivers\STM32H7xx_HAL_Driver\Src\stm32h7xx_hal_gpio.c 0x00000000   Number         0  stm32h7xx_hal_gpio.o ABSOLUTE
    ..\Drivers\STM32H7xx_HAL_Driver\Src\stm32h7xx_hal_hsem.c 0x00000000   Number         0  stm32h7xx_hal_hsem.o ABSOLUTE
    ..\Drivers\STM32H7xx_HAL_Driver\Src\stm32h7xx_hal_i2c.c 0x00000000   Number         0  stm32h7xx_hal_i2c.o ABSOLUTE
    ..\Drivers\STM32H7xx_HAL_Driver\Src\stm32h7xx_hal_i2c_ex.c 0x00000000   Number         0  stm32h7xx_hal_i2c_ex.o ABSOLUTE
    ..\Drivers\STM32H7xx_HAL_Driver\Src\stm32h7xx_hal_mdma.c 0x00000000   Number         0  stm32h7xx_hal_mdma.o ABSOLUTE
    ..\Drivers\STM32H7xx_HAL_Driver\Src\stm32h7xx_hal_pwr.c 0x00000000   Number         0  stm32h7xx_hal_pwr.o ABSOLUTE
    ..\Drivers\STM32H7xx_HAL_Driver\Src\stm32h7xx_hal_pwr_ex.c 0x00000000   Number         0  stm32h7xx_hal_pwr_ex.o ABSOLUTE
    ..\Drivers\STM32H7xx_HAL_Driver\Src\stm32h7xx_hal_rcc.c 0x00000000   Number         0  stm32h7xx_hal_rcc.o ABSOLUTE
    ..\Drivers\STM32H7xx_HAL_Driver\Src\stm32h7xx_hal_rcc_ex.c 0x00000000   Number         0  stm32h7xx_hal_rcc_ex.o ABSOLUTE
    ..\Drivers\STM32H7xx_HAL_Driver\Src\stm32h7xx_hal_tim.c 0x00000000   Number         0  stm32h7xx_hal_tim.o ABSOLUTE
    ..\Drivers\STM32H7xx_HAL_Driver\Src\stm32h7xx_hal_tim_ex.c 0x00000000   Number         0  stm32h7xx_hal_tim_ex.o ABSOLUTE
    ..\Drivers\STM32H7xx_HAL_Driver\Src\stm32h7xx_hal_uart.c 0x00000000   Number         0  stm32h7xx_hal_uart.o ABSOLUTE
    ..\Drivers\STM32H7xx_HAL_Driver\Src\stm32h7xx_hal_uart_ex.c 0x00000000   Number         0  stm32h7xx_hal_uart_ex.o ABSOLUTE
    ..\\24C02Dev\\24C02Dev.c                 0x00000000   Number         0  24c02dev.o ABSOLUTE
    cdrcmple.s                               0x00000000   Number         0  cdrcmple.o ABSOLUTE
    dc.s                                     0x00000000   Number         0  dc.o ABSOLUTE
    handlers.s                               0x00000000   Number         0  handlers.o ABSOLUTE
    init.s                                   0x00000000   Number         0  init.o ABSOLUTE
    startup_stm32h750xx.s                    0x00000000   Number         0  startup_stm32h750xx.o ABSOLUTE
    RESET                                    0x08000000   Section      664  startup_stm32h750xx.o(RESET)
    .ARM.Collect$$$$00000000                 0x08000298   Section        0  entry.o(.ARM.Collect$$$$00000000)
    .ARM.Collect$$$$00000001                 0x08000298   Section        4  entry2.o(.ARM.Collect$$$$00000001)
    .ARM.Collect$$$$00000004                 0x0800029c   Section        4  entry5.o(.ARM.Collect$$$$00000004)
    .ARM.Collect$$$$00000008                 0x080002a0   Section        0  entry7b.o(.ARM.Collect$$$$00000008)
    .ARM.Collect$$$$0000000A                 0x080002a0   Section        0  entry8b.o(.ARM.Collect$$$$0000000A)
    .ARM.Collect$$$$0000000B                 0x080002a0   Section        8  entry9a.o(.ARM.Collect$$$$0000000B)
    .ARM.Collect$$$$0000000D                 0x080002a8   Section        0  entry10a.o(.ARM.Collect$$$$0000000D)
    .ARM.Collect$$$$0000000F                 0x080002a8   Section        0  entry11a.o(.ARM.Collect$$$$0000000F)
    .ARM.Collect$$$$00002712                 0x080002a8   Section        4  entry2.o(.ARM.Collect$$$$00002712)
    __lit__00000000                          0x080002a8   Data           4  entry2.o(.ARM.Collect$$$$00002712)
    .text                                    0x080002ac   Section       36  startup_stm32h750xx.o(.text)
    $v0                                      0x080002ac   Number         0  startup_stm32h750xx.o(.text)
    .text                                    0x080002d0   Section        0  uldiv.o(.text)
    .text                                    0x08000332   Section        0  memseta.o(.text)
    .text                                    0x08000356   Section        0  memcmp.o(.text)
    .text                                    0x08000370   Section        0  llshl.o(.text)
    .text                                    0x0800038e   Section        0  llushr.o(.text)
    .text                                    0x080003b0   Section       36  init.o(.text)
    i.AT24C02_Inspect                        0x080003d4   Section        0  24c02dev.o(i.AT24C02_Inspect)
    i.AT24C02_Ready                          0x0800050c   Section        0  24c02dev.o(i.AT24C02_Ready)
    i.AT24C02_write                          0x0800051c   Section        0  24c02dev.o(i.AT24C02_write)
    i.AT24C02_write_Array                    0x08000554   Section        0  24c02dev.o(i.AT24C02_write_Array)
    i.BusFault_Handler                       0x08000586   Section        0  stm32h7xx_it.o(i.BusFault_Handler)
    i.DMA1_Stream0_IRQHandler                0x08000588   Section        0  stm32h7xx_it.o(i.DMA1_Stream0_IRQHandler)
    i.DMA1_Stream1_IRQHandler                0x08000594   Section        0  stm32h7xx_it.o(i.DMA1_Stream1_IRQHandler)
    i.DMA_CalcBaseAndBitshift                0x080005a0   Section        0  stm32h7xx_hal_dma.o(i.DMA_CalcBaseAndBitshift)
    DMA_CalcBaseAndBitshift                  0x080005a1   Thumb Code   168  stm32h7xx_hal_dma.o(i.DMA_CalcBaseAndBitshift)
    i.DMA_CalcDMAMUXChannelBaseAndMask       0x08000654   Section        0  stm32h7xx_hal_dma.o(i.DMA_CalcDMAMUXChannelBaseAndMask)
    DMA_CalcDMAMUXChannelBaseAndMask         0x08000655   Thumb Code   138  stm32h7xx_hal_dma.o(i.DMA_CalcDMAMUXChannelBaseAndMask)
    i.DMA_CalcDMAMUXRequestGenBaseAndMask    0x080006f0   Section        0  stm32h7xx_hal_dma.o(i.DMA_CalcDMAMUXRequestGenBaseAndMask)
    DMA_CalcDMAMUXRequestGenBaseAndMask      0x080006f1   Thumb Code   104  stm32h7xx_hal_dma.o(i.DMA_CalcDMAMUXRequestGenBaseAndMask)
    i.DMA_CheckFifoParam                     0x08000764   Section        0  stm32h7xx_hal_dma.o(i.DMA_CheckFifoParam)
    DMA_CheckFifoParam                       0x08000765   Thumb Code    84  stm32h7xx_hal_dma.o(i.DMA_CheckFifoParam)
    i.DMA_SetConfig                          0x080007b8   Section        0  stm32h7xx_hal_dma.o(i.DMA_SetConfig)
    DMA_SetConfig                            0x080007b9   Thumb Code   518  stm32h7xx_hal_dma.o(i.DMA_SetConfig)
    i.DebugMon_Handler                       0x080009d8   Section        0  stm32h7xx_it.o(i.DebugMon_Handler)
    i.Error_Handler                          0x080009da   Section        0  main.o(i.Error_Handler)
    i.HAL_DMA_Abort_IT                       0x080009e0   Section        0  stm32h7xx_hal_dma.o(i.HAL_DMA_Abort_IT)
    i.HAL_DMA_GetError                       0x08000c64   Section        0  stm32h7xx_hal_dma.o(i.HAL_DMA_GetError)
    i.HAL_DMA_GetState                       0x08000c68   Section        0  stm32h7xx_hal_dma.o(i.HAL_DMA_GetState)
    i.HAL_DMA_IRQHandler                     0x08000c70   Section        0  stm32h7xx_hal_dma.o(i.HAL_DMA_IRQHandler)
    i.HAL_DMA_Init                           0x08001358   Section        0  stm32h7xx_hal_dma.o(i.HAL_DMA_Init)
    i.HAL_DMA_Start_IT                       0x0800171c   Section        0  stm32h7xx_hal_dma.o(i.HAL_DMA_Start_IT)
    i.HAL_Delay                              0x080019b8   Section        0  stm32h7xx_hal.o(i.HAL_Delay)
    i.HAL_GPIO_Init                          0x080019dc   Section        0  stm32h7xx_hal_gpio.o(i.HAL_GPIO_Init)
    i.HAL_GetREVID                           0x08001c08   Section        0  stm32h7xx_hal.o(i.HAL_GetREVID)
    i.HAL_GetTick                            0x08001c14   Section        0  stm32h7xx_hal.o(i.HAL_GetTick)
    i.HAL_I2CEx_ConfigAnalogFilter           0x08001c20   Section        0  stm32h7xx_hal_i2c_ex.o(i.HAL_I2CEx_ConfigAnalogFilter)
    i.HAL_I2CEx_ConfigDigitalFilter          0x08001c78   Section        0  stm32h7xx_hal_i2c_ex.o(i.HAL_I2CEx_ConfigDigitalFilter)
    i.HAL_I2C_AbortCpltCallback              0x08001ccc   Section        0  stm32h7xx_hal_i2c.o(i.HAL_I2C_AbortCpltCallback)
    i.HAL_I2C_AddrCallback                   0x08001cce   Section        0  stm32h7xx_hal_i2c.o(i.HAL_I2C_AddrCallback)
    i.HAL_I2C_ER_IRQHandler                  0x08001cd0   Section        0  stm32h7xx_hal_i2c.o(i.HAL_I2C_ER_IRQHandler)
    i.HAL_I2C_EV_IRQHandler                  0x08001d38   Section        0  stm32h7xx_hal_i2c.o(i.HAL_I2C_EV_IRQHandler)
    i.HAL_I2C_ErrorCallback                  0x08001d48   Section        0  stm32h7xx_hal_i2c.o(i.HAL_I2C_ErrorCallback)
    i.HAL_I2C_Init                           0x08001d4c   Section        0  stm32h7xx_hal_i2c.o(i.HAL_I2C_Init)
    i.HAL_I2C_IsDeviceReady                  0x08001e04   Section        0  stm32h7xx_hal_i2c.o(i.HAL_I2C_IsDeviceReady)
    i.HAL_I2C_ListenCpltCallback             0x08001f34   Section        0  stm32h7xx_hal_i2c.o(i.HAL_I2C_ListenCpltCallback)
    i.HAL_I2C_MasterRxCpltCallback           0x08001f36   Section        0  stm32h7xx_hal_i2c.o(i.HAL_I2C_MasterRxCpltCallback)
    i.HAL_I2C_MasterTxCpltCallback           0x08001f38   Section        0  stm32h7xx_hal_i2c.o(i.HAL_I2C_MasterTxCpltCallback)
    i.HAL_I2C_MemRxCpltCallback              0x08001f3a   Section        0  stm32h7xx_hal_i2c.o(i.HAL_I2C_MemRxCpltCallback)
    i.HAL_I2C_MemTxCpltCallback              0x08001f3c   Section        0  stm32h7xx_hal_i2c.o(i.HAL_I2C_MemTxCpltCallback)
    i.HAL_I2C_Mem_Write_DMA                  0x08001f40   Section        0  stm32h7xx_hal_i2c.o(i.HAL_I2C_Mem_Write_DMA)
    i.HAL_I2C_MspInit                        0x08002068   Section        0  i2c.o(i.HAL_I2C_MspInit)
    i.HAL_I2C_SlaveRxCpltCallback            0x0800216c   Section        0  stm32h7xx_hal_i2c.o(i.HAL_I2C_SlaveRxCpltCallback)
    i.HAL_I2C_SlaveTxCpltCallback            0x0800216e   Section        0  stm32h7xx_hal_i2c.o(i.HAL_I2C_SlaveTxCpltCallback)
    i.HAL_IncTick                            0x08002170   Section        0  stm32h7xx_hal.o(i.HAL_IncTick)
    i.HAL_Init                               0x08002180   Section        0  stm32h7xx_hal.o(i.HAL_Init)
    i.HAL_InitTick                           0x080021dc   Section        0  stm32h7xx_hal.o(i.HAL_InitTick)
    i.HAL_MspInit                            0x0800221c   Section        0  stm32h7xx_hal_msp.o(i.HAL_MspInit)
    i.HAL_NVIC_EnableIRQ                     0x08002238   Section        0  stm32h7xx_hal_cortex.o(i.HAL_NVIC_EnableIRQ)
    i.HAL_NVIC_SetPriority                   0x08002254   Section        0  stm32h7xx_hal_cortex.o(i.HAL_NVIC_SetPriority)
    i.HAL_NVIC_SetPriorityGrouping           0x08002294   Section        0  stm32h7xx_hal_cortex.o(i.HAL_NVIC_SetPriorityGrouping)
    i.HAL_PWREx_ConfigSupply                 0x080022b8   Section        0  stm32h7xx_hal_pwr_ex.o(i.HAL_PWREx_ConfigSupply)
    i.HAL_RCCEx_GetD3PCLK1Freq               0x0800230c   Section        0  stm32h7xx_hal_rcc_ex.o(i.HAL_RCCEx_GetD3PCLK1Freq)
    i.HAL_RCCEx_GetPLL2ClockFreq             0x08002330   Section        0  stm32h7xx_hal_rcc_ex.o(i.HAL_RCCEx_GetPLL2ClockFreq)
    i.HAL_RCCEx_GetPLL3ClockFreq             0x08002474   Section        0  stm32h7xx_hal_rcc_ex.o(i.HAL_RCCEx_GetPLL3ClockFreq)
    i.HAL_RCCEx_PeriphCLKConfig              0x080025b8   Section        0  stm32h7xx_hal_rcc_ex.o(i.HAL_RCCEx_PeriphCLKConfig)
    i.HAL_RCC_ClockConfig                    0x08002e8c   Section        0  stm32h7xx_hal_rcc.o(i.HAL_RCC_ClockConfig)
    i.HAL_RCC_GetHCLKFreq                    0x080030e8   Section        0  stm32h7xx_hal_rcc.o(i.HAL_RCC_GetHCLKFreq)
    i.HAL_RCC_GetPCLK1Freq                   0x0800312c   Section        0  stm32h7xx_hal_rcc.o(i.HAL_RCC_GetPCLK1Freq)
    i.HAL_RCC_GetPCLK2Freq                   0x08003150   Section        0  stm32h7xx_hal_rcc.o(i.HAL_RCC_GetPCLK2Freq)
    i.HAL_RCC_GetSysClockFreq                0x08003174   Section        0  stm32h7xx_hal_rcc.o(i.HAL_RCC_GetSysClockFreq)
    i.HAL_RCC_OscConfig                      0x080032ac   Section        0  stm32h7xx_hal_rcc.o(i.HAL_RCC_OscConfig)
    i.HAL_SYSTICK_Config                     0x080037dc   Section        0  stm32h7xx_hal_cortex.o(i.HAL_SYSTICK_Config)
    i.HAL_UARTEx_DisableFifoMode             0x08003802   Section        0  stm32h7xx_hal_uart_ex.o(i.HAL_UARTEx_DisableFifoMode)
    i.HAL_UARTEx_SetRxFifoThreshold          0x08003842   Section        0  stm32h7xx_hal_uart_ex.o(i.HAL_UARTEx_SetRxFifoThreshold)
    i.HAL_UARTEx_SetTxFifoThreshold          0x0800388e   Section        0  stm32h7xx_hal_uart_ex.o(i.HAL_UARTEx_SetTxFifoThreshold)
    i.HAL_UART_Init                          0x080038da   Section        0  stm32h7xx_hal_uart.o(i.HAL_UART_Init)
    i.HAL_UART_MspInit                       0x08003944   Section        0  usart.o(i.HAL_UART_MspInit)
    i.HAL_UART_Transmit                      0x080039c8   Section        0  stm32h7xx_hal_uart.o(i.HAL_UART_Transmit)
    i.HardFault_Handler                      0x08003a86   Section        0  stm32h7xx_it.o(i.HardFault_Handler)
    i.I2C1_ER_IRQHandler                     0x08003a88   Section        0  stm32h7xx_it.o(i.I2C1_ER_IRQHandler)
    i.I2C1_EV_IRQHandler                     0x08003a94   Section        0  stm32h7xx_it.o(i.I2C1_EV_IRQHandler)
    i.I2C_DMAAbort                           0x08003aa0   Section        0  stm32h7xx_hal_i2c.o(i.I2C_DMAAbort)
    I2C_DMAAbort                             0x08003aa1   Thumb Code    20  stm32h7xx_hal_i2c.o(i.I2C_DMAAbort)
    i.I2C_DMAError                           0x08003ab4   Section        0  stm32h7xx_hal_i2c.o(i.I2C_DMAError)
    I2C_DMAError                             0x08003ab5   Thumb Code   316  stm32h7xx_hal_i2c.o(i.I2C_DMAError)
    i.I2C_DMAMasterTransmitCplt              0x08003c00   Section        0  stm32h7xx_hal_i2c.o(i.I2C_DMAMasterTransmitCplt)
    I2C_DMAMasterTransmitCplt                0x08003c01   Thumb Code    82  stm32h7xx_hal_i2c.o(i.I2C_DMAMasterTransmitCplt)
    i.I2C_Disable_IRQ                        0x08003c52   Section        0  stm32h7xx_hal_i2c.o(i.I2C_Disable_IRQ)
    I2C_Disable_IRQ                          0x08003c53   Thumb Code    96  stm32h7xx_hal_i2c.o(i.I2C_Disable_IRQ)
    i.I2C_Enable_IRQ                         0x08003cb4   Section        0  stm32h7xx_hal_i2c.o(i.I2C_Enable_IRQ)
    I2C_Enable_IRQ                           0x08003cb5   Thumb Code    96  stm32h7xx_hal_i2c.o(i.I2C_Enable_IRQ)
    i.I2C_Flush_TXDR                         0x08003d1c   Section        0  stm32h7xx_hal_i2c.o(i.I2C_Flush_TXDR)
    I2C_Flush_TXDR                           0x08003d1d   Thumb Code    34  stm32h7xx_hal_i2c.o(i.I2C_Flush_TXDR)
    i.I2C_ITAddrCplt                         0x08003d3e   Section        0  stm32h7xx_hal_i2c.o(i.I2C_ITAddrCplt)
    I2C_ITAddrCplt                           0x08003d3f   Thumb Code   148  stm32h7xx_hal_i2c.o(i.I2C_ITAddrCplt)
    i.I2C_ITError                            0x08003dd4   Section        0  stm32h7xx_hal_i2c.o(i.I2C_ITError)
    I2C_ITError                              0x08003dd5   Thumb Code   234  stm32h7xx_hal_i2c.o(i.I2C_ITError)
    i.I2C_ITListenCplt                       0x08003ecc   Section        0  stm32h7xx_hal_i2c.o(i.I2C_ITListenCplt)
    I2C_ITListenCplt                         0x08003ecd   Thumb Code    96  stm32h7xx_hal_i2c.o(i.I2C_ITListenCplt)
    i.I2C_ITMasterCplt                       0x08003f30   Section        0  stm32h7xx_hal_i2c.o(i.I2C_ITMasterCplt)
    I2C_ITMasterCplt                         0x08003f31   Thumb Code   234  stm32h7xx_hal_i2c.o(i.I2C_ITMasterCplt)
    i.I2C_ITMasterSeqCplt                    0x08004024   Section        0  stm32h7xx_hal_i2c.o(i.I2C_ITMasterSeqCplt)
    I2C_ITMasterSeqCplt                      0x08004025   Thumb Code    80  stm32h7xx_hal_i2c.o(i.I2C_ITMasterSeqCplt)
    i.I2C_ITSlaveCplt                        0x08004074   Section        0  stm32h7xx_hal_i2c.o(i.I2C_ITSlaveCplt)
    I2C_ITSlaveCplt                          0x08004075   Thumb Code   414  stm32h7xx_hal_i2c.o(i.I2C_ITSlaveCplt)
    i.I2C_ITSlaveSeqCplt                     0x08004240   Section        0  stm32h7xx_hal_i2c.o(i.I2C_ITSlaveSeqCplt)
    I2C_ITSlaveSeqCplt                       0x08004241   Thumb Code   114  stm32h7xx_hal_i2c.o(i.I2C_ITSlaveSeqCplt)
    i.I2C_IsErrorOccurred                    0x080042b4   Section        0  stm32h7xx_hal_i2c.o(i.I2C_IsErrorOccurred)
    I2C_IsErrorOccurred                      0x080042b5   Thumb Code   284  stm32h7xx_hal_i2c.o(i.I2C_IsErrorOccurred)
    i.I2C_Master_ISR_DMA                     0x080043d4   Section        0  stm32h7xx_hal_i2c.o(i.I2C_Master_ISR_DMA)
    I2C_Master_ISR_DMA                       0x080043d5   Thumb Code   268  stm32h7xx_hal_i2c.o(i.I2C_Master_ISR_DMA)
    i.I2C_RequestMemoryWrite                 0x080044e4   Section        0  stm32h7xx_hal_i2c.o(i.I2C_RequestMemoryWrite)
    I2C_RequestMemoryWrite                   0x080044e5   Thumb Code    94  stm32h7xx_hal_i2c.o(i.I2C_RequestMemoryWrite)
    i.I2C_Slave_ISR_DMA                      0x08004548   Section        0  stm32h7xx_hal_i2c.o(i.I2C_Slave_ISR_DMA)
    I2C_Slave_ISR_DMA                        0x08004549   Thumb Code   510  stm32h7xx_hal_i2c.o(i.I2C_Slave_ISR_DMA)
    i.I2C_Slave_ISR_IT                       0x0800475c   Section        0  stm32h7xx_hal_i2c.o(i.I2C_Slave_ISR_IT)
    I2C_Slave_ISR_IT                         0x0800475d   Thumb Code   284  stm32h7xx_hal_i2c.o(i.I2C_Slave_ISR_IT)
    i.I2C_TransferConfig                     0x0800487c   Section        0  stm32h7xx_hal_i2c.o(i.I2C_TransferConfig)
    I2C_TransferConfig                       0x0800487d   Thumb Code    44  stm32h7xx_hal_i2c.o(i.I2C_TransferConfig)
    i.I2C_TreatErrorCallback                 0x080048ac   Section        0  stm32h7xx_hal_i2c.o(i.I2C_TreatErrorCallback)
    I2C_TreatErrorCallback                   0x080048ad   Thumb Code    42  stm32h7xx_hal_i2c.o(i.I2C_TreatErrorCallback)
    i.I2C_WaitOnFlagUntilTimeout             0x080048d6   Section        0  stm32h7xx_hal_i2c.o(i.I2C_WaitOnFlagUntilTimeout)
    I2C_WaitOnFlagUntilTimeout               0x080048d7   Thumb Code    90  stm32h7xx_hal_i2c.o(i.I2C_WaitOnFlagUntilTimeout)
    i.I2C_WaitOnTXISFlagUntilTimeout         0x08004930   Section        0  stm32h7xx_hal_i2c.o(i.I2C_WaitOnTXISFlagUntilTimeout)
    I2C_WaitOnTXISFlagUntilTimeout           0x08004931   Thumb Code    82  stm32h7xx_hal_i2c.o(i.I2C_WaitOnTXISFlagUntilTimeout)
    i.MX_DMA_Init                            0x08004984   Section        0  dma.o(i.MX_DMA_Init)
    i.MX_GPIO_Init                           0x080049c0   Section        0  gpio.o(i.MX_GPIO_Init)
    i.MX_I2C1_Init                           0x08004a0c   Section        0  i2c.o(i.MX_I2C1_Init)
    i.MX_LPUART1_UART_Init                   0x08004a64   Section        0  usart.o(i.MX_LPUART1_UART_Init)
    i.MemManage_Handler                      0x08004acc   Section        0  stm32h7xx_it.o(i.MemManage_Handler)
    i.NMI_Handler                            0x08004ace   Section        0  stm32h7xx_it.o(i.NMI_Handler)
    i.PendSV_Handler                         0x08004ad0   Section        0  stm32h7xx_it.o(i.PendSV_Handler)
    i.RCCEx_PLL2_Config                      0x08004ad4   Section        0  stm32h7xx_hal_rcc_ex.o(i.RCCEx_PLL2_Config)
    RCCEx_PLL2_Config                        0x08004ad5   Thumb Code   284  stm32h7xx_hal_rcc_ex.o(i.RCCEx_PLL2_Config)
    i.RCCEx_PLL3_Config                      0x08004bf4   Section        0  stm32h7xx_hal_rcc_ex.o(i.RCCEx_PLL3_Config)
    RCCEx_PLL3_Config                        0x08004bf5   Thumb Code   284  stm32h7xx_hal_rcc_ex.o(i.RCCEx_PLL3_Config)
    i.SVC_Handler                            0x08004d14   Section        0  stm32h7xx_it.o(i.SVC_Handler)
    i.SysTick_Handler                        0x08004d16   Section        0  stm32h7xx_it.o(i.SysTick_Handler)
    i.SystemClock_Config                     0x08004d1c   Section        0  main.o(i.SystemClock_Config)
    i.SystemInit                             0x08004dac   Section        0  system_stm32h7xx.o(i.SystemInit)
    i.UARTEx_SetNbDataToProcess              0x08004e88   Section        0  stm32h7xx_hal_uart_ex.o(i.UARTEx_SetNbDataToProcess)
    UARTEx_SetNbDataToProcess                0x08004e89   Thumb Code    62  stm32h7xx_hal_uart_ex.o(i.UARTEx_SetNbDataToProcess)
    i.UART_AdvFeatureConfig                  0x08004ecc   Section        0  stm32h7xx_hal_uart.o(i.UART_AdvFeatureConfig)
    i.UART_CheckIdleState                    0x08004f94   Section        0  stm32h7xx_hal_uart.o(i.UART_CheckIdleState)
    i.UART_SetConfig                         0x08004ff4   Section        0  stm32h7xx_hal_uart.o(i.UART_SetConfig)
    i.UART_WaitOnFlagUntilTimeout            0x080053a0   Section        0  stm32h7xx_hal_uart.o(i.UART_WaitOnFlagUntilTimeout)
    i.UsageFault_Handler                     0x0800546a   Section        0  stm32h7xx_it.o(i.UsageFault_Handler)
    i.__0printf$bare                         0x0800546c   Section        0  printfb.o(i.__0printf$bare)
    i.__NVIC_SetPriority                     0x0800547c   Section        0  stm32h7xx_hal_cortex.o(i.__NVIC_SetPriority)
    __NVIC_SetPriority                       0x0800547d   Thumb Code    34  stm32h7xx_hal_cortex.o(i.__NVIC_SetPriority)
    i.__scatterload_copy                     0x0800549e   Section       14  handlers.o(i.__scatterload_copy)
    i.__scatterload_null                     0x080054ac   Section        2  handlers.o(i.__scatterload_null)
    i.__scatterload_zeroinit                 0x080054ae   Section       14  handlers.o(i.__scatterload_zeroinit)
    i._printf_core                           0x080054bc   Section        0  printfb.o(i._printf_core)
    _printf_core                             0x080054bd   Thumb Code    34  printfb.o(i._printf_core)
    i.fputc                                  0x080054e0   Section        0  usart.o(i.fputc)
    i.main                                   0x080054f8   Section        0  main.o(i.main)
    .constdata                               0x08005516   Section       16  system_stm32h7xx.o(.constdata)
    .constdata                               0x08005526   Section        8  stm32h7xx_hal_dma.o(.constdata)
    flagBitshiftOffset                       0x08005526   Data           8  stm32h7xx_hal_dma.o(.constdata)
    .constdata                               0x0800552e   Section       24  stm32h7xx_hal_uart.o(.constdata)
    .constdata                               0x08005546   Section       16  stm32h7xx_hal_uart_ex.o(.constdata)
    numerator                                0x08005546   Data           8  stm32h7xx_hal_uart_ex.o(.constdata)
    denominator                              0x0800554e   Data           8  stm32h7xx_hal_uart_ex.o(.constdata)
    .data                                    0x24000000   Section        8  system_stm32h7xx.o(.data)
    .data                                    0x24000008   Section       12  stm32h7xx_hal.o(.data)
    .data                                    0x24000014   Section        4  stdout.o(.data)
    .bss                                     0x24000018   Section      316  i2c.o(.bss)
    .bss                                     0x24000154   Section      144  usart.o(.bss)
    STACK                                    0x240001e8   Section     1024  startup_stm32h750xx.o(STACK)
    .ARM.__at_0x30000000                     0x30000000   Section      256  24c02dev.o(.ARM.__at_0x30000000)
    .ARM.__at_0x30000100                     0x30000100   Section      256  24c02dev.o(.ARM.__at_0x30000100)

    Global Symbols

    Symbol Name                              Value     Ov Type        Size  Object(Section)

    BuildAttributes$$THM_ISAv4$E$P$D$K$B$S$7EM$VFPv5_D16$PE$PLD8$A:L22UL41UL21$X:L11$S22US41US21$IEEE1$IW$USESV6$~STKCKD$USESV7$~SHL$OSPACE$ROPI$EBA8$MICROLIB$REQ8$PRES8$EABIv2 0x00000000   Number         0  anon$$obj.o ABSOLUTE
    __ARM_use_no_argv                        0x00000000   Number         0  main.o ABSOLUTE
    __cpp_initialize__aeabi_                  - Undefined Weak Reference
    __cxa_finalize                            - Undefined Weak Reference
    __decompress                              - Undefined Weak Reference
    _clock_init                               - Undefined Weak Reference
    _microlib_exit                            - Undefined Weak Reference
    __Vectors_Size                           0x00000298   Number         0  startup_stm32h750xx.o ABSOLUTE
    __Vectors                                0x08000000   Data           4  startup_stm32h750xx.o(RESET)
    __Vectors_End                            0x08000298   Data           0  startup_stm32h750xx.o(RESET)
    __main                                   0x08000299   Thumb Code     0  entry.o(.ARM.Collect$$$$00000000)
    _main_stk                                0x08000299   Thumb Code     0  entry2.o(.ARM.Collect$$$$00000001)
    _main_scatterload                        0x0800029d   Thumb Code     0  entry5.o(.ARM.Collect$$$$00000004)
    __main_after_scatterload                 0x080002a1   Thumb Code     0  entry5.o(.ARM.Collect$$$$00000004)
    _main_clock                              0x080002a1   Thumb Code     0  entry7b.o(.ARM.Collect$$$$00000008)
    _main_cpp_init                           0x080002a1   Thumb Code     0  entry8b.o(.ARM.Collect$$$$0000000A)
    _main_init                               0x080002a1   Thumb Code     0  entry9a.o(.ARM.Collect$$$$0000000B)
    __rt_final_cpp                           0x080002a9   Thumb Code     0  entry10a.o(.ARM.Collect$$$$0000000D)
    __rt_final_exit                          0x080002a9   Thumb Code     0  entry11a.o(.ARM.Collect$$$$0000000F)
    Reset_Handler                            0x080002ad   Thumb Code     8  startup_stm32h750xx.o(.text)
    ADC3_IRQHandler                          0x080002c7   Thumb Code     0  startup_stm32h750xx.o(.text)
    ADC_IRQHandler                           0x080002c7   Thumb Code     0  startup_stm32h750xx.o(.text)
    BDMA_Channel0_IRQHandler                 0x080002c7   Thumb Code     0  startup_stm32h750xx.o(.text)
    BDMA_Channel1_IRQHandler                 0x080002c7   Thumb Code     0  startup_stm32h750xx.o(.text)
    BDMA_Channel2_IRQHandler                 0x080002c7   Thumb Code     0  startup_stm32h750xx.o(.text)
    BDMA_Channel3_IRQHandler                 0x080002c7   Thumb Code     0  startup_stm32h750xx.o(.text)
    BDMA_Channel4_IRQHandler                 0x080002c7   Thumb Code     0  startup_stm32h750xx.o(.text)
    BDMA_Channel5_IRQHandler                 0x080002c7   Thumb Code     0  startup_stm32h750xx.o(.text)
    BDMA_Channel6_IRQHandler                 0x080002c7   Thumb Code     0  startup_stm32h750xx.o(.text)
    BDMA_Channel7_IRQHandler                 0x080002c7   Thumb Code     0  startup_stm32h750xx.o(.text)
    CEC_IRQHandler                           0x080002c7   Thumb Code     0  startup_stm32h750xx.o(.text)
    COMP1_IRQHandler                         0x080002c7   Thumb Code     0  startup_stm32h750xx.o(.text)
    CRS_IRQHandler                           0x080002c7   Thumb Code     0  startup_stm32h750xx.o(.text)
    CRYP_IRQHandler                          0x080002c7   Thumb Code     0  startup_stm32h750xx.o(.text)
    DCMI_IRQHandler                          0x080002c7   Thumb Code     0  startup_stm32h750xx.o(.text)
    DFSDM1_FLT0_IRQHandler                   0x080002c7   Thumb Code     0  startup_stm32h750xx.o(.text)
    DFSDM1_FLT1_IRQHandler                   0x080002c7   Thumb Code     0  startup_stm32h750xx.o(.text)
    DFSDM1_FLT2_IRQHandler                   0x080002c7   Thumb Code     0  startup_stm32h750xx.o(.text)
    DFSDM1_FLT3_IRQHandler                   0x080002c7   Thumb Code     0  startup_stm32h750xx.o(.text)
    DMA1_Stream2_IRQHandler                  0x080002c7   Thumb Code     0  startup_stm32h750xx.o(.text)
    DMA1_Stream3_IRQHandler                  0x080002c7   Thumb Code     0  startup_stm32h750xx.o(.text)
    DMA1_Stream4_IRQHandler                  0x080002c7   Thumb Code     0  startup_stm32h750xx.o(.text)
    DMA1_Stream5_IRQHandler                  0x080002c7   Thumb Code     0  startup_stm32h750xx.o(.text)
    DMA1_Stream6_IRQHandler                  0x080002c7   Thumb Code     0  startup_stm32h750xx.o(.text)
    DMA1_Stream7_IRQHandler                  0x080002c7   Thumb Code     0  startup_stm32h750xx.o(.text)
    DMA2D_IRQHandler                         0x080002c7   Thumb Code     0  startup_stm32h750xx.o(.text)
    DMA2_Stream0_IRQHandler                  0x080002c7   Thumb Code     0  startup_stm32h750xx.o(.text)
    DMA2_Stream1_IRQHandler                  0x080002c7   Thumb Code     0  startup_stm32h750xx.o(.text)
    DMA2_Stream2_IRQHandler                  0x080002c7   Thumb Code     0  startup_stm32h750xx.o(.text)
    DMA2_Stream3_IRQHandler                  0x080002c7   Thumb Code     0  startup_stm32h750xx.o(.text)
    DMA2_Stream4_IRQHandler                  0x080002c7   Thumb Code     0  startup_stm32h750xx.o(.text)
    DMA2_Stream5_IRQHandler                  0x080002c7   Thumb Code     0  startup_stm32h750xx.o(.text)
    DMA2_Stream6_IRQHandler                  0x080002c7   Thumb Code     0  startup_stm32h750xx.o(.text)
    DMA2_Stream7_IRQHandler                  0x080002c7   Thumb Code     0  startup_stm32h750xx.o(.text)
    DMAMUX1_OVR_IRQHandler                   0x080002c7   Thumb Code     0  startup_stm32h750xx.o(.text)
    DMAMUX2_OVR_IRQHandler                   0x080002c7   Thumb Code     0  startup_stm32h750xx.o(.text)
    ECC_IRQHandler                           0x080002c7   Thumb Code     0  startup_stm32h750xx.o(.text)
    ETH_IRQHandler                           0x080002c7   Thumb Code     0  startup_stm32h750xx.o(.text)
    ETH_WKUP_IRQHandler                      0x080002c7   Thumb Code     0  startup_stm32h750xx.o(.text)
    EXTI0_IRQHandler                         0x080002c7   Thumb Code     0  startup_stm32h750xx.o(.text)
    EXTI15_10_IRQHandler                     0x080002c7   Thumb Code     0  startup_stm32h750xx.o(.text)
    EXTI1_IRQHandler                         0x080002c7   Thumb Code     0  startup_stm32h750xx.o(.text)
    EXTI2_IRQHandler                         0x080002c7   Thumb Code     0  startup_stm32h750xx.o(.text)
    EXTI3_IRQHandler                         0x080002c7   Thumb Code     0  startup_stm32h750xx.o(.text)
    EXTI4_IRQHandler                         0x080002c7   Thumb Code     0  startup_stm32h750xx.o(.text)
    EXTI9_5_IRQHandler                       0x080002c7   Thumb Code     0  startup_stm32h750xx.o(.text)
    FDCAN1_IT0_IRQHandler                    0x080002c7   Thumb Code     0  startup_stm32h750xx.o(.text)
    FDCAN1_IT1_IRQHandler                    0x080002c7   Thumb Code     0  startup_stm32h750xx.o(.text)
    FDCAN2_IT0_IRQHandler                    0x080002c7   Thumb Code     0  startup_stm32h750xx.o(.text)
    FDCAN2_IT1_IRQHandler                    0x080002c7   Thumb Code     0  startup_stm32h750xx.o(.text)
    FDCAN_CAL_IRQHandler                     0x080002c7   Thumb Code     0  startup_stm32h750xx.o(.text)
    FLASH_IRQHandler                         0x080002c7   Thumb Code     0  startup_stm32h750xx.o(.text)
    FMC_IRQHandler                           0x080002c7   Thumb Code     0  startup_stm32h750xx.o(.text)
    FPU_IRQHandler                           0x080002c7   Thumb Code     0  startup_stm32h750xx.o(.text)
    HASH_RNG_IRQHandler                      0x080002c7   Thumb Code     0  startup_stm32h750xx.o(.text)
    HRTIM1_FLT_IRQHandler                    0x080002c7   Thumb Code     0  startup_stm32h750xx.o(.text)
    HRTIM1_Master_IRQHandler                 0x080002c7   Thumb Code     0  startup_stm32h750xx.o(.text)
    HRTIM1_TIMA_IRQHandler                   0x080002c7   Thumb Code     0  startup_stm32h750xx.o(.text)
    HRTIM1_TIMB_IRQHandler                   0x080002c7   Thumb Code     0  startup_stm32h750xx.o(.text)
    HRTIM1_TIMC_IRQHandler                   0x080002c7   Thumb Code     0  startup_stm32h750xx.o(.text)
    HRTIM1_TIMD_IRQHandler                   0x080002c7   Thumb Code     0  startup_stm32h750xx.o(.text)
    HRTIM1_TIME_IRQHandler                   0x080002c7   Thumb Code     0  startup_stm32h750xx.o(.text)
    HSEM1_IRQHandler                         0x080002c7   Thumb Code     0  startup_stm32h750xx.o(.text)
    I2C2_ER_IRQHandler                       0x080002c7   Thumb Code     0  startup_stm32h750xx.o(.text)
    I2C2_EV_IRQHandler                       0x080002c7   Thumb Code     0  startup_stm32h750xx.o(.text)
    I2C3_ER_IRQHandler                       0x080002c7   Thumb Code     0  startup_stm32h750xx.o(.text)
    I2C3_EV_IRQHandler                       0x080002c7   Thumb Code     0  startup_stm32h750xx.o(.text)
    I2C4_ER_IRQHandler                       0x080002c7   Thumb Code     0  startup_stm32h750xx.o(.text)
    I2C4_EV_IRQHandler                       0x080002c7   Thumb Code     0  startup_stm32h750xx.o(.text)
    JPEG_IRQHandler                          0x080002c7   Thumb Code     0  startup_stm32h750xx.o(.text)
    LPTIM1_IRQHandler                        0x080002c7   Thumb Code     0  startup_stm32h750xx.o(.text)
    LPTIM2_IRQHandler                        0x080002c7   Thumb Code     0  startup_stm32h750xx.o(.text)
    LPTIM3_IRQHandler                        0x080002c7   Thumb Code     0  startup_stm32h750xx.o(.text)
    LPTIM4_IRQHandler                        0x080002c7   Thumb Code     0  startup_stm32h750xx.o(.text)
    LPTIM5_IRQHandler                        0x080002c7   Thumb Code     0  startup_stm32h750xx.o(.text)
    LPUART1_IRQHandler                       0x080002c7   Thumb Code     0  startup_stm32h750xx.o(.text)
    LTDC_ER_IRQHandler                       0x080002c7   Thumb Code     0  startup_stm32h750xx.o(.text)
    LTDC_IRQHandler                          0x080002c7   Thumb Code     0  startup_stm32h750xx.o(.text)
    MDIOS_IRQHandler                         0x080002c7   Thumb Code     0  startup_stm32h750xx.o(.text)
    MDIOS_WKUP_IRQHandler                    0x080002c7   Thumb Code     0  startup_stm32h750xx.o(.text)
    MDMA_IRQHandler                          0x080002c7   Thumb Code     0  startup_stm32h750xx.o(.text)
    OTG_FS_EP1_IN_IRQHandler                 0x080002c7   Thumb Code     0  startup_stm32h750xx.o(.text)
    OTG_FS_EP1_OUT_IRQHandler                0x080002c7   Thumb Code     0  startup_stm32h750xx.o(.text)
    OTG_FS_IRQHandler                        0x080002c7   Thumb Code     0  startup_stm32h750xx.o(.text)
    OTG_FS_WKUP_IRQHandler                   0x080002c7   Thumb Code     0  startup_stm32h750xx.o(.text)
    OTG_HS_EP1_IN_IRQHandler                 0x080002c7   Thumb Code     0  startup_stm32h750xx.o(.text)
    OTG_HS_EP1_OUT_IRQHandler                0x080002c7   Thumb Code     0  startup_stm32h750xx.o(.text)
    OTG_HS_IRQHandler                        0x080002c7   Thumb Code     0  startup_stm32h750xx.o(.text)
    OTG_HS_WKUP_IRQHandler                   0x080002c7   Thumb Code     0  startup_stm32h750xx.o(.text)
    PVD_AVD_IRQHandler                       0x080002c7   Thumb Code     0  startup_stm32h750xx.o(.text)
    QUADSPI_IRQHandler                       0x080002c7   Thumb Code     0  startup_stm32h750xx.o(.text)
    RCC_IRQHandler                           0x080002c7   Thumb Code     0  startup_stm32h750xx.o(.text)
    RTC_Alarm_IRQHandler                     0x080002c7   Thumb Code     0  startup_stm32h750xx.o(.text)
    RTC_WKUP_IRQHandler                      0x080002c7   Thumb Code     0  startup_stm32h750xx.o(.text)
    SAI1_IRQHandler                          0x080002c7   Thumb Code     0  startup_stm32h750xx.o(.text)
    SAI2_IRQHandler                          0x080002c7   Thumb Code     0  startup_stm32h750xx.o(.text)
    SAI3_IRQHandler                          0x080002c7   Thumb Code     0  startup_stm32h750xx.o(.text)
    SAI4_IRQHandler                          0x080002c7   Thumb Code     0  startup_stm32h750xx.o(.text)
    SDMMC1_IRQHandler                        0x080002c7   Thumb Code     0  startup_stm32h750xx.o(.text)
    SDMMC2_IRQHandler                        0x080002c7   Thumb Code     0  startup_stm32h750xx.o(.text)
    SPDIF_RX_IRQHandler                      0x080002c7   Thumb Code     0  startup_stm32h750xx.o(.text)
    SPI1_IRQHandler                          0x080002c7   Thumb Code     0  startup_stm32h750xx.o(.text)
    SPI2_IRQHandler                          0x080002c7   Thumb Code     0  startup_stm32h750xx.o(.text)
    SPI3_IRQHandler                          0x080002c7   Thumb Code     0  startup_stm32h750xx.o(.text)
    SPI4_IRQHandler                          0x080002c7   Thumb Code     0  startup_stm32h750xx.o(.text)
    SPI5_IRQHandler                          0x080002c7   Thumb Code     0  startup_stm32h750xx.o(.text)
    SPI6_IRQHandler                          0x080002c7   Thumb Code     0  startup_stm32h750xx.o(.text)
    SWPMI1_IRQHandler                        0x080002c7   Thumb Code     0  startup_stm32h750xx.o(.text)
    TAMP_STAMP_IRQHandler                    0x080002c7   Thumb Code     0  startup_stm32h750xx.o(.text)
    TIM15_IRQHandler                         0x080002c7   Thumb Code     0  startup_stm32h750xx.o(.text)
    TIM16_IRQHandler                         0x080002c7   Thumb Code     0  startup_stm32h750xx.o(.text)
    TIM17_IRQHandler                         0x080002c7   Thumb Code     0  startup_stm32h750xx.o(.text)
    TIM1_BRK_IRQHandler                      0x080002c7   Thumb Code     0  startup_stm32h750xx.o(.text)
    TIM1_CC_IRQHandler                       0x080002c7   Thumb Code     0  startup_stm32h750xx.o(.text)
    TIM1_TRG_COM_IRQHandler                  0x080002c7   Thumb Code     0  startup_stm32h750xx.o(.text)
    TIM1_UP_IRQHandler                       0x080002c7   Thumb Code     0  startup_stm32h750xx.o(.text)
    TIM2_IRQHandler                          0x080002c7   Thumb Code     0  startup_stm32h750xx.o(.text)
    TIM3_IRQHandler                          0x080002c7   Thumb Code     0  startup_stm32h750xx.o(.text)
    TIM4_IRQHandler                          0x080002c7   Thumb Code     0  startup_stm32h750xx.o(.text)
    TIM5_IRQHandler                          0x080002c7   Thumb Code     0  startup_stm32h750xx.o(.text)
    TIM6_DAC_IRQHandler                      0x080002c7   Thumb Code     0  startup_stm32h750xx.o(.text)
    TIM7_IRQHandler                          0x080002c7   Thumb Code     0  startup_stm32h750xx.o(.text)
    TIM8_BRK_TIM12_IRQHandler                0x080002c7   Thumb Code     0  startup_stm32h750xx.o(.text)
    TIM8_CC_IRQHandler                       0x080002c7   Thumb Code     0  startup_stm32h750xx.o(.text)
    TIM8_TRG_COM_TIM14_IRQHandler            0x080002c7   Thumb Code     0  startup_stm32h750xx.o(.text)
    TIM8_UP_TIM13_IRQHandler                 0x080002c7   Thumb Code     0  startup_stm32h750xx.o(.text)
    UART4_IRQHandler                         0x080002c7   Thumb Code     0  startup_stm32h750xx.o(.text)
    UART5_IRQHandler                         0x080002c7   Thumb Code     0  startup_stm32h750xx.o(.text)
    UART7_IRQHandler                         0x080002c7   Thumb Code     0  startup_stm32h750xx.o(.text)
    UART8_IRQHandler                         0x080002c7   Thumb Code     0  startup_stm32h750xx.o(.text)
    USART1_IRQHandler                        0x080002c7   Thumb Code     0  startup_stm32h750xx.o(.text)
    USART2_IRQHandler                        0x080002c7   Thumb Code     0  startup_stm32h750xx.o(.text)
    USART3_IRQHandler                        0x080002c7   Thumb Code     0  startup_stm32h750xx.o(.text)
    USART6_IRQHandler                        0x080002c7   Thumb Code     0  startup_stm32h750xx.o(.text)
    WAKEUP_PIN_IRQHandler                    0x080002c7   Thumb Code     0  startup_stm32h750xx.o(.text)
    WWDG_IRQHandler                          0x080002c7   Thumb Code     0  startup_stm32h750xx.o(.text)
    __aeabi_uldivmod                         0x080002d1   Thumb Code    98  uldiv.o(.text)
    __aeabi_memset                           0x08000333   Thumb Code    14  memseta.o(.text)
    __aeabi_memset4                          0x08000333   Thumb Code     0  memseta.o(.text)
    __aeabi_memset8                          0x08000333   Thumb Code     0  memseta.o(.text)
    __aeabi_memclr                           0x08000341   Thumb Code     4  memseta.o(.text)
    __aeabi_memclr4                          0x08000341   Thumb Code     0  memseta.o(.text)
    __aeabi_memclr8                          0x08000341   Thumb Code     0  memseta.o(.text)
    _memset$wrapper                          0x08000345   Thumb Code    18  memseta.o(.text)
    memcmp                                   0x08000357   Thumb Code    26  memcmp.o(.text)
    __aeabi_llsl                             0x08000371   Thumb Code    30  llshl.o(.text)
    _ll_shift_l                              0x08000371   Thumb Code     0  llshl.o(.text)
    __aeabi_llsr                             0x0800038f   Thumb Code    32  llushr.o(.text)
    _ll_ushift_r                             0x0800038f   Thumb Code     0  llushr.o(.text)
    __scatterload                            0x080003b1   Thumb Code    28  init.o(.text)
    __scatterload_rt2                        0x080003b1   Thumb Code     0  init.o(.text)
    AT24C02_Inspect                          0x080003d5   Thumb Code   142  24c02dev.o(i.AT24C02_Inspect)
    AT24C02_Ready                            0x0800050d   Thumb Code    12  24c02dev.o(i.AT24C02_Ready)
    AT24C02_write                            0x0800051d   Thumb Code    50  24c02dev.o(i.AT24C02_write)
    AT24C02_write_Array                      0x08000555   Thumb Code    50  24c02dev.o(i.AT24C02_write_Array)
    BusFault_Handler                         0x08000587   Thumb Code     2  stm32h7xx_it.o(i.BusFault_Handler)
    DMA1_Stream0_IRQHandler                  0x08000589   Thumb Code     6  stm32h7xx_it.o(i.DMA1_Stream0_IRQHandler)
    DMA1_Stream1_IRQHandler                  0x08000595   Thumb Code     6  stm32h7xx_it.o(i.DMA1_Stream1_IRQHandler)
    DebugMon_Handler                         0x080009d9   Thumb Code     2  stm32h7xx_it.o(i.DebugMon_Handler)
    Error_Handler                            0x080009db   Thumb Code     4  main.o(i.Error_Handler)
    HAL_DMA_Abort_IT                         0x080009e1   Thumb Code   602  stm32h7xx_hal_dma.o(i.HAL_DMA_Abort_IT)
    HAL_DMA_GetError                         0x08000c65   Thumb Code     4  stm32h7xx_hal_dma.o(i.HAL_DMA_GetError)
    HAL_DMA_GetState                         0x08000c69   Thumb Code     6  stm32h7xx_hal_dma.o(i.HAL_DMA_GetState)
    HAL_DMA_IRQHandler                       0x08000c71   Thumb Code  1756  stm32h7xx_hal_dma.o(i.HAL_DMA_IRQHandler)
    HAL_DMA_Init                             0x08001359   Thumb Code   926  stm32h7xx_hal_dma.o(i.HAL_DMA_Init)
    HAL_DMA_Start_IT                         0x0800171d   Thumb Code   628  stm32h7xx_hal_dma.o(i.HAL_DMA_Start_IT)
    HAL_Delay                                0x080019b9   Thumb Code    32  stm32h7xx_hal.o(i.HAL_Delay)
    HAL_GPIO_Init                            0x080019dd   Thumb Code   506  stm32h7xx_hal_gpio.o(i.HAL_GPIO_Init)
    HAL_GetREVID                             0x08001c09   Thumb Code     8  stm32h7xx_hal.o(i.HAL_GetREVID)
    HAL_GetTick                              0x08001c15   Thumb Code     6  stm32h7xx_hal.o(i.HAL_GetTick)
    HAL_I2CEx_ConfigAnalogFilter             0x08001c21   Thumb Code    88  stm32h7xx_hal_i2c_ex.o(i.HAL_I2CEx_ConfigAnalogFilter)
    HAL_I2CEx_ConfigDigitalFilter            0x08001c79   Thumb Code    84  stm32h7xx_hal_i2c_ex.o(i.HAL_I2CEx_ConfigDigitalFilter)
    HAL_I2C_AbortCpltCallback                0x08001ccd   Thumb Code     2  stm32h7xx_hal_i2c.o(i.HAL_I2C_AbortCpltCallback)
    HAL_I2C_AddrCallback                     0x08001ccf   Thumb Code     2  stm32h7xx_hal_i2c.o(i.HAL_I2C_AddrCallback)
    HAL_I2C_ER_IRQHandler                    0x08001cd1   Thumb Code   104  stm32h7xx_hal_i2c.o(i.HAL_I2C_ER_IRQHandler)
    HAL_I2C_EV_IRQHandler                    0x08001d39   Thumb Code    16  stm32h7xx_hal_i2c.o(i.HAL_I2C_EV_IRQHandler)
    HAL_I2C_ErrorCallback                    0x08001d49   Thumb Code     2  stm32h7xx_hal_i2c.o(i.HAL_I2C_ErrorCallback)
    HAL_I2C_Init                             0x08001d4d   Thumb Code   180  stm32h7xx_hal_i2c.o(i.HAL_I2C_Init)
    HAL_I2C_IsDeviceReady                    0x08001e05   Thumb Code   294  stm32h7xx_hal_i2c.o(i.HAL_I2C_IsDeviceReady)
    HAL_I2C_ListenCpltCallback               0x08001f35   Thumb Code     2  stm32h7xx_hal_i2c.o(i.HAL_I2C_ListenCpltCallback)
    HAL_I2C_MasterRxCpltCallback             0x08001f37   Thumb Code     2  stm32h7xx_hal_i2c.o(i.HAL_I2C_MasterRxCpltCallback)
    HAL_I2C_MasterTxCpltCallback             0x08001f39   Thumb Code     2  stm32h7xx_hal_i2c.o(i.HAL_I2C_MasterTxCpltCallback)
    HAL_I2C_MemRxCpltCallback                0x08001f3b   Thumb Code     2  stm32h7xx_hal_i2c.o(i.HAL_I2C_MemRxCpltCallback)
    HAL_I2C_MemTxCpltCallback                0x08001f3d   Thumb Code     2  stm32h7xx_hal_i2c.o(i.HAL_I2C_MemTxCpltCallback)
    HAL_I2C_Mem_Write_DMA                    0x08001f41   Thumb Code   280  stm32h7xx_hal_i2c.o(i.HAL_I2C_Mem_Write_DMA)
    HAL_I2C_MspInit                          0x08002069   Thumb Code   240  i2c.o(i.HAL_I2C_MspInit)
    HAL_I2C_SlaveRxCpltCallback              0x0800216d   Thumb Code     2  stm32h7xx_hal_i2c.o(i.HAL_I2C_SlaveRxCpltCallback)
    HAL_I2C_SlaveTxCpltCallback              0x0800216f   Thumb Code     2  stm32h7xx_hal_i2c.o(i.HAL_I2C_SlaveTxCpltCallback)
    HAL_IncTick                              0x08002171   Thumb Code    12  stm32h7xx_hal.o(i.HAL_IncTick)
    HAL_Init                                 0x08002181   Thumb Code    74  stm32h7xx_hal.o(i.HAL_Init)
    HAL_InitTick                             0x080021dd   Thumb Code    56  stm32h7xx_hal.o(i.HAL_InitTick)
    HAL_MspInit                              0x0800221d   Thumb Code    22  stm32h7xx_hal_msp.o(i.HAL_MspInit)
    HAL_NVIC_EnableIRQ                       0x08002239   Thumb Code    26  stm32h7xx_hal_cortex.o(i.HAL_NVIC_EnableIRQ)
    HAL_NVIC_SetPriority                     0x08002255   Thumb Code    60  stm32h7xx_hal_cortex.o(i.HAL_NVIC_SetPriority)
    HAL_NVIC_SetPriorityGrouping             0x08002295   Thumb Code    28  stm32h7xx_hal_cortex.o(i.HAL_NVIC_SetPriorityGrouping)
    HAL_PWREx_ConfigSupply                   0x080022b9   Thumb Code    78  stm32h7xx_hal_pwr_ex.o(i.HAL_PWREx_ConfigSupply)
    HAL_RCCEx_GetD3PCLK1Freq                 0x0800230d   Thumb Code    26  stm32h7xx_hal_rcc_ex.o(i.HAL_RCCEx_GetD3PCLK1Freq)
    HAL_RCCEx_GetPLL2ClockFreq               0x08002331   Thumb Code   296  stm32h7xx_hal_rcc_ex.o(i.HAL_RCCEx_GetPLL2ClockFreq)
    HAL_RCCEx_GetPLL3ClockFreq               0x08002475   Thumb Code   296  stm32h7xx_hal_rcc_ex.o(i.HAL_RCCEx_GetPLL3ClockFreq)
    HAL_RCCEx_PeriphCLKConfig                0x080025b9   Thumb Code  2258  stm32h7xx_hal_rcc_ex.o(i.HAL_RCCEx_PeriphCLKConfig)
    HAL_RCC_ClockConfig                      0x08002e8d   Thumb Code   580  stm32h7xx_hal_rcc.o(i.HAL_RCC_ClockConfig)
    HAL_RCC_GetHCLKFreq                      0x080030e9   Thumb Code    52  stm32h7xx_hal_rcc.o(i.HAL_RCC_GetHCLKFreq)
    HAL_RCC_GetPCLK1Freq                     0x0800312d   Thumb Code    26  stm32h7xx_hal_rcc.o(i.HAL_RCC_GetPCLK1Freq)
    HAL_RCC_GetPCLK2Freq                     0x08003151   Thumb Code    26  stm32h7xx_hal_rcc.o(i.HAL_RCC_GetPCLK2Freq)
    HAL_RCC_GetSysClockFreq                  0x08003175   Thumb Code   278  stm32h7xx_hal_rcc.o(i.HAL_RCC_GetSysClockFreq)
    HAL_RCC_OscConfig                        0x080032ad   Thumb Code  1322  stm32h7xx_hal_rcc.o(i.HAL_RCC_OscConfig)
    HAL_SYSTICK_Config                       0x080037dd   Thumb Code    38  stm32h7xx_hal_cortex.o(i.HAL_SYSTICK_Config)
    HAL_UARTEx_DisableFifoMode               0x08003803   Thumb Code    64  stm32h7xx_hal_uart_ex.o(i.HAL_UARTEx_DisableFifoMode)
    HAL_UARTEx_SetRxFifoThreshold            0x08003843   Thumb Code    76  stm32h7xx_hal_uart_ex.o(i.HAL_UARTEx_SetRxFifoThreshold)
    HAL_UARTEx_SetTxFifoThreshold            0x0800388f   Thumb Code    76  stm32h7xx_hal_uart_ex.o(i.HAL_UARTEx_SetTxFifoThreshold)
    HAL_UART_Init                            0x080038db   Thumb Code   106  stm32h7xx_hal_uart.o(i.HAL_UART_Init)
    HAL_UART_MspInit                         0x08003945   Thumb Code   118  usart.o(i.HAL_UART_MspInit)
    HAL_UART_Transmit                        0x080039c9   Thumb Code   190  stm32h7xx_hal_uart.o(i.HAL_UART_Transmit)
    HardFault_Handler                        0x08003a87   Thumb Code     2  stm32h7xx_it.o(i.HardFault_Handler)
    I2C1_ER_IRQHandler                       0x08003a89   Thumb Code     6  stm32h7xx_it.o(i.I2C1_ER_IRQHandler)
    I2C1_EV_IRQHandler                       0x08003a95   Thumb Code     6  stm32h7xx_it.o(i.I2C1_EV_IRQHandler)
    MX_DMA_Init                              0x08004985   Thumb Code    56  dma.o(i.MX_DMA_Init)
    MX_GPIO_Init                             0x080049c1   Thumb Code    70  gpio.o(i.MX_GPIO_Init)
    MX_I2C1_Init                             0x08004a0d   Thumb Code    76  i2c.o(i.MX_I2C1_Init)
    MX_LPUART1_UART_Init                     0x08004a65   Thumb Code    94  usart.o(i.MX_LPUART1_UART_Init)
    MemManage_Handler                        0x08004acd   Thumb Code     2  stm32h7xx_it.o(i.MemManage_Handler)
    NMI_Handler                              0x08004acf   Thumb Code     2  stm32h7xx_it.o(i.NMI_Handler)
    PendSV_Handler                           0x08004ad1   Thumb Code     2  stm32h7xx_it.o(i.PendSV_Handler)
    SVC_Handler                              0x08004d15   Thumb Code     2  stm32h7xx_it.o(i.SVC_Handler)
    SysTick_Handler                          0x08004d17   Thumb Code     4  stm32h7xx_it.o(i.SysTick_Handler)
    SystemClock_Config                       0x08004d1d   Thumb Code   136  main.o(i.SystemClock_Config)
    SystemInit                               0x08004dad   Thumb Code   180  system_stm32h7xx.o(i.SystemInit)
    UART_AdvFeatureConfig                    0x08004ecd   Thumb Code   200  stm32h7xx_hal_uart.o(i.UART_AdvFeatureConfig)
    UART_CheckIdleState                      0x08004f95   Thumb Code    96  stm32h7xx_hal_uart.o(i.UART_CheckIdleState)
    UART_SetConfig                           0x08004ff5   Thumb Code   876  stm32h7xx_hal_uart.o(i.UART_SetConfig)
    UART_WaitOnFlagUntilTimeout              0x080053a1   Thumb Code   202  stm32h7xx_hal_uart.o(i.UART_WaitOnFlagUntilTimeout)
    UsageFault_Handler                       0x0800546b   Thumb Code     2  stm32h7xx_it.o(i.UsageFault_Handler)
    __0printf$bare                           0x0800546d   Thumb Code     8  printfb.o(i.__0printf$bare)
    __1printf$bare                           0x0800546d   Thumb Code     0  printfb.o(i.__0printf$bare)
    __2printf                                0x0800546d   Thumb Code     0  printfb.o(i.__0printf$bare)
    __scatterload_copy                       0x0800549f   Thumb Code    14  handlers.o(i.__scatterload_copy)
    __scatterload_null                       0x080054ad   Thumb Code     2  handlers.o(i.__scatterload_null)
    __scatterload_zeroinit                   0x080054af   Thumb Code    14  handlers.o(i.__scatterload_zeroinit)
    fputc                                    0x080054e1   Thumb Code    18  usart.o(i.fputc)
    main                                     0x080054f9   Thumb Code    30  main.o(i.main)
    D1CorePrescTable                         0x08005516   Data          16  system_stm32h7xx.o(.constdata)
    UARTPrescTable                           0x0800552e   Data          24  stm32h7xx_hal_uart.o(.constdata)
    Region$$Table$$Base                      0x08005558   Number         0  anon$$obj.o(Region$$Table)
    Region$$Table$$Limit                     0x08005578   Number         0  anon$$obj.o(Region$$Table)
    SystemCoreClock                          0x24000000   Data           4  system_stm32h7xx.o(.data)
    SystemD2Clock                            0x24000004   Data           4  system_stm32h7xx.o(.data)
    uwTickFreq                               0x24000008   Data           1  stm32h7xx_hal.o(.data)
    uwTickPrio                               0x2400000c   Data           4  stm32h7xx_hal.o(.data)
    uwTick                                   0x24000010   Data           4  stm32h7xx_hal.o(.data)
    __stdout                                 0x24000014   Data           4  stdout.o(.data)
    hi2c1                                    0x24000018   Data          76  i2c.o(.bss)
    hdma_i2c1_tx                             0x24000064   Data         120  i2c.o(.bss)
    hdma_i2c1_rx                             0x240000dc   Data         120  i2c.o(.bss)
    hlpuart1                                 0x24000154   Data         144  usart.o(.bss)
    __initial_sp                             0x240005e8   Data           0  startup_stm32h750xx.o(STACK)
    I2C_Buffer_Write                         0x30000000   Data         256  24c02dev.o(.ARM.__at_0x30000000)
    I2C_Buffer_Read                          0x30000100   Data         256  24c02dev.o(.ARM.__at_0x30000100)



==============================================================================

Memory Map of the image

  Image Entry point : 0x08000299

  Load Region LR_IROM1 (Base: 0x08000000, Size: 0x00005590, Max: 0x00020000, ABSOLUTE)

    Execution Region ER_IROM1 (Exec base: 0x08000000, Load base: 0x08000000, Size: 0x00005578, Max: 0x00020000, ABSOLUTE)

    Exec Addr    Load Addr    Size         Type   Attr      Idx    E Section Name        Object

    0x08000000   0x08000000   0x00000298   Data   RO            3    RESET               startup_stm32h750xx.o
    0x08000298   0x08000298   0x00000000   Code   RO         3488  * .ARM.Collect$$$$00000000  mc_w.l(entry.o)
    0x08000298   0x08000298   0x00000004   Code   RO         3757    .ARM.Collect$$$$00000001  mc_w.l(entry2.o)
    0x0800029c   0x0800029c   0x00000004   Code   RO         3760    .ARM.Collect$$$$00000004  mc_w.l(entry5.o)
    0x080002a0   0x080002a0   0x00000000   Code   RO         3762    .ARM.Collect$$$$00000008  mc_w.l(entry7b.o)
    0x080002a0   0x080002a0   0x00000000   Code   RO         3764    .ARM.Collect$$$$0000000A  mc_w.l(entry8b.o)
    0x080002a0   0x080002a0   0x00000008   Code   RO         3765    .ARM.Collect$$$$0000000B  mc_w.l(entry9a.o)
    0x080002a8   0x080002a8   0x00000000   Code   RO         3767    .ARM.Collect$$$$0000000D  mc_w.l(entry10a.o)
    0x080002a8   0x080002a8   0x00000000   Code   RO         3769    .ARM.Collect$$$$0000000F  mc_w.l(entry11a.o)
    0x080002a8   0x080002a8   0x00000004   Code   RO         3758    .ARM.Collect$$$$00002712  mc_w.l(entry2.o)
    0x080002ac   0x080002ac   0x00000024   Code   RO            4    .text               startup_stm32h750xx.o
    0x080002d0   0x080002d0   0x00000062   Code   RO         3491    .text               mc_w.l(uldiv.o)
    0x08000332   0x08000332   0x00000024   Code   RO         3493    .text               mc_w.l(memseta.o)
    0x08000356   0x08000356   0x0000001a   Code   RO         3495    .text               mc_w.l(memcmp.o)
    0x08000370   0x08000370   0x0000001e   Code   RO         3774    .text               mc_w.l(llshl.o)
    0x0800038e   0x0800038e   0x00000020   Code   RO         3776    .text               mc_w.l(llushr.o)
    0x080003ae   0x080003ae   0x00000002   PAD
    0x080003b0   0x080003b0   0x00000024   Code   RO         3789    .text               mc_w.l(init.o)
    0x080003d4   0x080003d4   0x00000138   Code   RO         3424    i.AT24C02_Inspect   24c02dev.o
    0x0800050c   0x0800050c   0x00000010   Code   RO         3427    i.AT24C02_Ready     24c02dev.o
    0x0800051c   0x0800051c   0x00000038   Code   RO         3428    i.AT24C02_write     24c02dev.o
    0x08000554   0x08000554   0x00000032   Code   RO         3429    i.AT24C02_write_Array  24c02dev.o
    0x08000586   0x08000586   0x00000002   Code   RO          323    i.BusFault_Handler  stm32h7xx_it.o
    0x08000588   0x08000588   0x0000000c   Code   RO          324    i.DMA1_Stream0_IRQHandler  stm32h7xx_it.o
    0x08000594   0x08000594   0x0000000c   Code   RO          325    i.DMA1_Stream1_IRQHandler  stm32h7xx_it.o
    0x080005a0   0x080005a0   0x000000b4   Code   RO         1765    i.DMA_CalcBaseAndBitshift  stm32h7xx_hal_dma.o
    0x08000654   0x08000654   0x0000009c   Code   RO         1766    i.DMA_CalcDMAMUXChannelBaseAndMask  stm32h7xx_hal_dma.o
    0x080006f0   0x080006f0   0x00000074   Code   RO         1767    i.DMA_CalcDMAMUXRequestGenBaseAndMask  stm32h7xx_hal_dma.o
    0x08000764   0x08000764   0x00000054   Code   RO         1768    i.DMA_CheckFifoParam  stm32h7xx_hal_dma.o
    0x080007b8   0x080007b8   0x00000220   Code   RO         1769    i.DMA_SetConfig     stm32h7xx_hal_dma.o
    0x080009d8   0x080009d8   0x00000002   Code   RO          326    i.DebugMon_Handler  stm32h7xx_it.o
    0x080009da   0x080009da   0x00000004   Code   RO           13    i.Error_Handler     main.o
    0x080009de   0x080009de   0x00000002   PAD
    0x080009e0   0x080009e0   0x00000284   Code   RO         1771    i.HAL_DMA_Abort_IT  stm32h7xx_hal_dma.o
    0x08000c64   0x08000c64   0x00000004   Code   RO         1773    i.HAL_DMA_GetError  stm32h7xx_hal_dma.o
    0x08000c68   0x08000c68   0x00000006   Code   RO         1774    i.HAL_DMA_GetState  stm32h7xx_hal_dma.o
    0x08000c6e   0x08000c6e   0x00000002   PAD
    0x08000c70   0x08000c70   0x000006e8   Code   RO         1775    i.HAL_DMA_IRQHandler  stm32h7xx_hal_dma.o
    0x08001358   0x08001358   0x000003c4   Code   RO         1776    i.HAL_DMA_Init      stm32h7xx_hal_dma.o
    0x0800171c   0x0800171c   0x0000029c   Code   RO         1780    i.HAL_DMA_Start_IT  stm32h7xx_hal_dma.o
    0x080019b8   0x080019b8   0x00000024   Code   RO         2479    i.HAL_Delay         stm32h7xx_hal.o
    0x080019dc   0x080019dc   0x0000022c   Code   RO         1618    i.HAL_GPIO_Init     stm32h7xx_hal_gpio.o
    0x08001c08   0x08001c08   0x0000000c   Code   RO         2490    i.HAL_GetREVID      stm32h7xx_hal.o
    0x08001c14   0x08001c14   0x0000000c   Code   RO         2491    i.HAL_GetTick       stm32h7xx_hal.o
    0x08001c20   0x08001c20   0x00000058   Code   RO         1091    i.HAL_I2CEx_ConfigAnalogFilter  stm32h7xx_hal_i2c_ex.o
    0x08001c78   0x08001c78   0x00000054   Code   RO         1092    i.HAL_I2CEx_ConfigDigitalFilter  stm32h7xx_hal_i2c_ex.o
    0x08001ccc   0x08001ccc   0x00000002   Code   RO          629    i.HAL_I2C_AbortCpltCallback  stm32h7xx_hal_i2c.o
    0x08001cce   0x08001cce   0x00000002   Code   RO          630    i.HAL_I2C_AddrCallback  stm32h7xx_hal_i2c.o
    0x08001cd0   0x08001cd0   0x00000068   Code   RO          633    i.HAL_I2C_ER_IRQHandler  stm32h7xx_hal_i2c.o
    0x08001d38   0x08001d38   0x00000010   Code   RO          634    i.HAL_I2C_EV_IRQHandler  stm32h7xx_hal_i2c.o
    0x08001d48   0x08001d48   0x00000002   Code   RO          636    i.HAL_I2C_ErrorCallback  stm32h7xx_hal_i2c.o
    0x08001d4a   0x08001d4a   0x00000002   PAD
    0x08001d4c   0x08001d4c   0x000000b8   Code   RO          640    i.HAL_I2C_Init      stm32h7xx_hal_i2c.o
    0x08001e04   0x08001e04   0x00000130   Code   RO          641    i.HAL_I2C_IsDeviceReady  stm32h7xx_hal_i2c.o
    0x08001f34   0x08001f34   0x00000002   Code   RO          642    i.HAL_I2C_ListenCpltCallback  stm32h7xx_hal_i2c.o
    0x08001f36   0x08001f36   0x00000002   Code   RO          643    i.HAL_I2C_MasterRxCpltCallback  stm32h7xx_hal_i2c.o
    0x08001f38   0x08001f38   0x00000002   Code   RO          644    i.HAL_I2C_MasterTxCpltCallback  stm32h7xx_hal_i2c.o
    0x08001f3a   0x08001f3a   0x00000002   Code   RO          656    i.HAL_I2C_MemRxCpltCallback  stm32h7xx_hal_i2c.o
    0x08001f3c   0x08001f3c   0x00000002   Code   RO          657    i.HAL_I2C_MemTxCpltCallback  stm32h7xx_hal_i2c.o
    0x08001f3e   0x08001f3e   0x00000002   PAD
    0x08001f40   0x08001f40   0x00000128   Code   RO          662    i.HAL_I2C_Mem_Write_DMA  stm32h7xx_hal_i2c.o
    0x08002068   0x08002068   0x00000104   Code   RO          224    i.HAL_I2C_MspInit   i2c.o
    0x0800216c   0x0800216c   0x00000002   Code   RO          666    i.HAL_I2C_SlaveRxCpltCallback  stm32h7xx_hal_i2c.o
    0x0800216e   0x0800216e   0x00000002   Code   RO          667    i.HAL_I2C_SlaveTxCpltCallback  stm32h7xx_hal_i2c.o
    0x08002170   0x08002170   0x00000010   Code   RO         2497    i.HAL_IncTick       stm32h7xx_hal.o
    0x08002180   0x08002180   0x0000005c   Code   RO         2498    i.HAL_Init          stm32h7xx_hal.o
    0x080021dc   0x080021dc   0x00000040   Code   RO         2499    i.HAL_InitTick      stm32h7xx_hal.o
    0x0800221c   0x0800221c   0x0000001c   Code   RO          427    i.HAL_MspInit       stm32h7xx_hal_msp.o
    0x08002238   0x08002238   0x0000001a   Code   RO          494    i.HAL_NVIC_EnableIRQ  stm32h7xx_hal_cortex.o
    0x08002252   0x08002252   0x00000002   PAD
    0x08002254   0x08002254   0x00000040   Code   RO          500    i.HAL_NVIC_SetPriority  stm32h7xx_hal_cortex.o
    0x08002294   0x08002294   0x00000024   Code   RO          501    i.HAL_NVIC_SetPriorityGrouping  stm32h7xx_hal_cortex.o
    0x080022b8   0x080022b8   0x00000054   Code   RO         2219    i.HAL_PWREx_ConfigSupply  stm32h7xx_hal_pwr_ex.o
    0x0800230c   0x0800230c   0x00000024   Code   RO         1261    i.HAL_RCCEx_GetD3PCLK1Freq  stm32h7xx_hal_rcc_ex.o
    0x08002330   0x08002330   0x00000144   Code   RO         1263    i.HAL_RCCEx_GetPLL2ClockFreq  stm32h7xx_hal_rcc_ex.o
    0x08002474   0x08002474   0x00000144   Code   RO         1264    i.HAL_RCCEx_GetPLL3ClockFreq  stm32h7xx_hal_rcc_ex.o
    0x080025b8   0x080025b8   0x000008d2   Code   RO         1270    i.HAL_RCCEx_PeriphCLKConfig  stm32h7xx_hal_rcc_ex.o
    0x08002e8a   0x08002e8a   0x00000002   PAD
    0x08002e8c   0x08002e8c   0x0000025c   Code   RO         1146    i.HAL_RCC_ClockConfig  stm32h7xx_hal_rcc.o
    0x080030e8   0x080030e8   0x00000044   Code   RO         1151    i.HAL_RCC_GetHCLKFreq  stm32h7xx_hal_rcc.o
    0x0800312c   0x0800312c   0x00000024   Code   RO         1153    i.HAL_RCC_GetPCLK1Freq  stm32h7xx_hal_rcc.o
    0x08003150   0x08003150   0x00000024   Code   RO         1154    i.HAL_RCC_GetPCLK2Freq  stm32h7xx_hal_rcc.o
    0x08003174   0x08003174   0x00000138   Code   RO         1155    i.HAL_RCC_GetSysClockFreq  stm32h7xx_hal_rcc.o
    0x080032ac   0x080032ac   0x00000530   Code   RO         1158    i.HAL_RCC_OscConfig  stm32h7xx_hal_rcc.o
    0x080037dc   0x080037dc   0x00000026   Code   RO          505    i.HAL_SYSTICK_Config  stm32h7xx_hal_cortex.o
    0x08003802   0x08003802   0x00000040   Code   RO         3276    i.HAL_UARTEx_DisableFifoMode  stm32h7xx_hal_uart_ex.o
    0x08003842   0x08003842   0x0000004c   Code   RO         3284    i.HAL_UARTEx_SetRxFifoThreshold  stm32h7xx_hal_uart_ex.o
    0x0800388e   0x0800388e   0x0000004c   Code   RO         3285    i.HAL_UARTEx_SetTxFifoThreshold  stm32h7xx_hal_uart_ex.o
    0x080038da   0x080038da   0x0000006a   Code   RO         2885    i.HAL_UART_Init     stm32h7xx_hal_uart.o
    0x08003944   0x08003944   0x00000084   Code   RO          266    i.HAL_UART_MspInit  usart.o
    0x080039c8   0x080039c8   0x000000be   Code   RO         2894    i.HAL_UART_Transmit  stm32h7xx_hal_uart.o
    0x08003a86   0x08003a86   0x00000002   Code   RO          327    i.HardFault_Handler  stm32h7xx_it.o
    0x08003a88   0x08003a88   0x0000000c   Code   RO          328    i.I2C1_ER_IRQHandler  stm32h7xx_it.o
    0x08003a94   0x08003a94   0x0000000c   Code   RO          329    i.I2C1_EV_IRQHandler  stm32h7xx_it.o
    0x08003aa0   0x08003aa0   0x00000014   Code   RO          679    i.I2C_DMAAbort      stm32h7xx_hal_i2c.o
    0x08003ab4   0x08003ab4   0x0000014c   Code   RO          680    i.I2C_DMAError      stm32h7xx_hal_i2c.o
    0x08003c00   0x08003c00   0x00000052   Code   RO          682    i.I2C_DMAMasterTransmitCplt  stm32h7xx_hal_i2c.o
    0x08003c52   0x08003c52   0x00000060   Code   RO          685    i.I2C_Disable_IRQ   stm32h7xx_hal_i2c.o
    0x08003cb2   0x08003cb2   0x00000002   PAD
    0x08003cb4   0x08003cb4   0x00000068   Code   RO          686    i.I2C_Enable_IRQ    stm32h7xx_hal_i2c.o
    0x08003d1c   0x08003d1c   0x00000022   Code   RO          687    i.I2C_Flush_TXDR    stm32h7xx_hal_i2c.o
    0x08003d3e   0x08003d3e   0x00000094   Code   RO          688    i.I2C_ITAddrCplt    stm32h7xx_hal_i2c.o
    0x08003dd2   0x08003dd2   0x00000002   PAD
    0x08003dd4   0x08003dd4   0x000000f8   Code   RO          689    i.I2C_ITError       stm32h7xx_hal_i2c.o
    0x08003ecc   0x08003ecc   0x00000064   Code   RO          690    i.I2C_ITListenCplt  stm32h7xx_hal_i2c.o
    0x08003f30   0x08003f30   0x000000f4   Code   RO          691    i.I2C_ITMasterCplt  stm32h7xx_hal_i2c.o
    0x08004024   0x08004024   0x00000050   Code   RO          692    i.I2C_ITMasterSeqCplt  stm32h7xx_hal_i2c.o
    0x08004074   0x08004074   0x000001cc   Code   RO          693    i.I2C_ITSlaveCplt   stm32h7xx_hal_i2c.o
    0x08004240   0x08004240   0x00000072   Code   RO          694    i.I2C_ITSlaveSeqCplt  stm32h7xx_hal_i2c.o
    0x080042b2   0x080042b2   0x00000002   PAD
    0x080042b4   0x080042b4   0x00000120   Code   RO          695    i.I2C_IsErrorOccurred  stm32h7xx_hal_i2c.o
    0x080043d4   0x080043d4   0x00000110   Code   RO          696    i.I2C_Master_ISR_DMA  stm32h7xx_hal_i2c.o
    0x080044e4   0x080044e4   0x00000064   Code   RO          699    i.I2C_RequestMemoryWrite  stm32h7xx_hal_i2c.o
    0x08004548   0x08004548   0x00000214   Code   RO          700    i.I2C_Slave_ISR_DMA  stm32h7xx_hal_i2c.o
    0x0800475c   0x0800475c   0x00000120   Code   RO          701    i.I2C_Slave_ISR_IT  stm32h7xx_hal_i2c.o
    0x0800487c   0x0800487c   0x00000030   Code   RO          702    i.I2C_TransferConfig  stm32h7xx_hal_i2c.o
    0x080048ac   0x080048ac   0x0000002a   Code   RO          703    i.I2C_TreatErrorCallback  stm32h7xx_hal_i2c.o
    0x080048d6   0x080048d6   0x0000005a   Code   RO          704    i.I2C_WaitOnFlagUntilTimeout  stm32h7xx_hal_i2c.o
    0x08004930   0x08004930   0x00000052   Code   RO          707    i.I2C_WaitOnTXISFlagUntilTimeout  stm32h7xx_hal_i2c.o
    0x08004982   0x08004982   0x00000002   PAD
    0x08004984   0x08004984   0x0000003c   Code   RO          199    i.MX_DMA_Init       dma.o
    0x080049c0   0x080049c0   0x0000004c   Code   RO          175    i.MX_GPIO_Init      gpio.o
    0x08004a0c   0x08004a0c   0x00000058   Code   RO          225    i.MX_I2C1_Init      i2c.o
    0x08004a64   0x08004a64   0x00000068   Code   RO          267    i.MX_LPUART1_UART_Init  usart.o
    0x08004acc   0x08004acc   0x00000002   Code   RO          330    i.MemManage_Handler  stm32h7xx_it.o
    0x08004ace   0x08004ace   0x00000002   Code   RO          331    i.NMI_Handler       stm32h7xx_it.o
    0x08004ad0   0x08004ad0   0x00000002   Code   RO          332    i.PendSV_Handler    stm32h7xx_it.o
    0x08004ad2   0x08004ad2   0x00000002   PAD
    0x08004ad4   0x08004ad4   0x00000120   Code   RO         1273    i.RCCEx_PLL2_Config  stm32h7xx_hal_rcc_ex.o
    0x08004bf4   0x08004bf4   0x00000120   Code   RO         1274    i.RCCEx_PLL3_Config  stm32h7xx_hal_rcc_ex.o
    0x08004d14   0x08004d14   0x00000002   Code   RO          333    i.SVC_Handler       stm32h7xx_it.o
    0x08004d16   0x08004d16   0x00000004   Code   RO          334    i.SysTick_Handler   stm32h7xx_it.o
    0x08004d1a   0x08004d1a   0x00000002   PAD
    0x08004d1c   0x08004d1c   0x00000090   Code   RO           14    i.SystemClock_Config  main.o
    0x08004dac   0x08004dac   0x000000dc   Code   RO          452    i.SystemInit        system_stm32h7xx.o
    0x08004e88   0x08004e88   0x00000044   Code   RO         3289    i.UARTEx_SetNbDataToProcess  stm32h7xx_hal_uart_ex.o
    0x08004ecc   0x08004ecc   0x000000c8   Code   RO         2899    i.UART_AdvFeatureConfig  stm32h7xx_hal_uart.o
    0x08004f94   0x08004f94   0x00000060   Code   RO         2900    i.UART_CheckIdleState  stm32h7xx_hal_uart.o
    0x08004ff4   0x08004ff4   0x000003ac   Code   RO         2917    i.UART_SetConfig    stm32h7xx_hal_uart.o
    0x080053a0   0x080053a0   0x000000ca   Code   RO         2924    i.UART_WaitOnFlagUntilTimeout  stm32h7xx_hal_uart.o
    0x0800546a   0x0800546a   0x00000002   Code   RO          335    i.UsageFault_Handler  stm32h7xx_it.o
    0x0800546c   0x0800546c   0x00000010   Code   RO         3498    i.__0printf$bare    mc_w.l(printfb.o)
    0x0800547c   0x0800547c   0x00000022   Code   RO          507    i.__NVIC_SetPriority  stm32h7xx_hal_cortex.o
    0x0800549e   0x0800549e   0x0000000e   Code   RO         3797    i.__scatterload_copy  mc_w.l(handlers.o)
    0x080054ac   0x080054ac   0x00000002   Code   RO         3798    i.__scatterload_null  mc_w.l(handlers.o)
    0x080054ae   0x080054ae   0x0000000e   Code   RO         3799    i.__scatterload_zeroinit  mc_w.l(handlers.o)
    0x080054bc   0x080054bc   0x00000022   Code   RO         3505    i._printf_core      mc_w.l(printfb.o)
    0x080054de   0x080054de   0x00000002   PAD
    0x080054e0   0x080054e0   0x00000018   Code   RO          269    i.fputc             usart.o
    0x080054f8   0x080054f8   0x0000001e   Code   RO           15    i.main              main.o
    0x08005516   0x08005516   0x00000010   Data   RO          453    .constdata          system_stm32h7xx.o
    0x08005526   0x08005526   0x00000008   Data   RO         1782    .constdata          stm32h7xx_hal_dma.o
    0x0800552e   0x0800552e   0x00000018   Data   RO         2925    .constdata          stm32h7xx_hal_uart.o
    0x08005546   0x08005546   0x00000010   Data   RO         3290    .constdata          stm32h7xx_hal_uart_ex.o
    0x08005556   0x08005556   0x00000002   PAD
    0x08005558   0x08005558   0x00000020   Data   RO         3795    Region$$Table       anon$$obj.o


    Execution Region RW_IRAM1 (Exec base: 0x20000000, Load base: 0x08005578, Size: 0x00000000, Max: 0x00020000, ABSOLUTE)

    **** No section assigned to this execution region ****


    Execution Region RW_IRAM2 (Exec base: 0x24000000, Load base: 0x08005578, Size: 0x000005e8, Max: 0x00080000, ABSOLUTE)

    Exec Addr    Load Addr    Size         Type   Attr      Idx    E Section Name        Object

    0x24000000   0x08005578   0x00000008   Data   RW          454    .data               system_stm32h7xx.o
    0x24000008   0x08005580   0x0000000c   Data   RW         2520    .data               stm32h7xx_hal.o
    0x24000014   0x0800558c   0x00000004   Data   RW         3771    .data               mc_w.l(stdout.o)
    0x24000018        -       0x0000013c   Zero   RW          226    .bss                i2c.o
    0x24000154        -       0x00000090   Zero   RW          270    .bss                usart.o
    0x240001e4   0x08005590   0x00000004   PAD
    0x240001e8        -       0x00000400   Zero   RW            1    STACK               startup_stm32h750xx.o



  Load Region LR$$.ARM.__at_0x30000000 (Base: 0x30000000, Size: 0x00000100, Max: 0x00000100, ABSOLUTE)

    Execution Region ER$$.ARM.__at_0x30000000 (Exec base: 0x30000000, Load base: 0x30000000, Size: 0x00000100, Max: 0x00000100, ABSOLUTE, UNINIT)

    Exec Addr    Load Addr    Size         Type   Attr      Idx    E Section Name        Object

    0x30000000   0x30000000   0x00000100   Data   RW         3430    .ARM.__at_0x30000000  24c02dev.o



  Load Region LR$$.ARM.__at_0x30000100 (Base: 0x30000100, Size: 0x00000100, Max: 0x00000100, ABSOLUTE)

    Execution Region ER$$.ARM.__at_0x30000100 (Exec base: 0x30000100, Load base: 0x30000100, Size: 0x00000100, Max: 0x00000100, ABSOLUTE, UNINIT)

    Exec Addr    Load Addr    Size         Type   Attr      Idx    E Section Name        Object

    0x30000100   0x30000100   0x00000100   Data   RW         3431    .ARM.__at_0x30000100  24c02dev.o


==============================================================================

Image component sizes


      Code (inc. data)   RO Data    RW Data    ZI Data      Debug   Object Name

       434        180          0        512          0       3524   24c02dev.o
        60          4          0          0          0        874   dma.o
        76          6          0          0          0        951   gpio.o
       348         32          0          0        316       2051   i2c.o
       178          8          0          0          0    1251844   main.o
        36          8        664          0       1024        820   startup_stm32h750xx.o
       232         44          0         12          0      23308   stm32h7xx_hal.o
       198         12          0          0          0      39531   stm32h7xx_hal_cortex.o
      5134        218          8          0          0      11816   stm32h7xx_hal_dma.o
       556         50          0          0          0       1628   stm32h7xx_hal_gpio.o
      4728        172          0          0          0      30917   stm32h7xx_hal_i2c.o
       172          0          0          0          0       2043   stm32h7xx_hal_i2c_ex.o
        28          6          0          0          0        906   stm32h7xx_hal_msp.o
        84          6          0          0          0        773   stm32h7xx_hal_pwr_ex.o
      2384        108          0          0          0       7048   stm32h7xx_hal_rcc.o
      3518        112          0          0          0       7789   stm32h7xx_hal_rcc_ex.o
      1734        106         24          0          0      25934   stm32h7xx_hal_uart.o
       284          6         16          0          0       3737   stm32h7xx_hal_uart_ex.o
        68         24          0          0          0       5872   stm32h7xx_it.o
       220         40         16          8          0       1466   system_stm32h7xx.o
       260         30          0          0        144       3709   usart.o

    ----------------------------------------------------------------------
     20756       1172        762        532       1488    1426541   Object Totals
         0          0         32          0          0          0   (incl. Generated)
        24          0          2          0          4          0   (incl. Padding)

    ----------------------------------------------------------------------

      Code (inc. data)   RO Data    RW Data    ZI Data      Debug   Library Member Name

         0          0          0          0          0          0   entry.o
         0          0          0          0          0          0   entry10a.o
         0          0          0          0          0          0   entry11a.o
         8          4          0          0          0          0   entry2.o
         4          0          0          0          0          0   entry5.o
         0          0          0          0          0          0   entry7b.o
         0          0          0          0          0          0   entry8b.o
         8          4          0          0          0          0   entry9a.o
        30          0          0          0          0          0   handlers.o
        36          8          0          0          0         68   init.o
        30          0          0          0          0         68   llshl.o
        32          0          0          0          0         68   llushr.o
        26          0          0          0          0         80   memcmp.o
        36          0          0          0          0        108   memseta.o
        50          8          0          0          0        152   printfb.o
         0          0          0          4          0          0   stdout.o
        98          0          0          0          0         92   uldiv.o

    ----------------------------------------------------------------------
       362         24          0          4          0        636   Library Totals
         4          0          0          0          0          0   (incl. Padding)

    ----------------------------------------------------------------------

      Code (inc. data)   RO Data    RW Data    ZI Data      Debug   Library Name

       358         24          0          4          0        636   mc_w.l

    ----------------------------------------------------------------------
       362         24          0          4          0        636   Library Totals

    ----------------------------------------------------------------------

==============================================================================


      Code (inc. data)   RO Data    RW Data    ZI Data      Debug   

     21118       1196        762        536       1488    1416621   Grand Totals
     21118       1196        762        536       1488    1416621   ELF Image Totals
     21118       1196        762        536          0          0   ROM Totals

==============================================================================

    Total RO  Size (Code + RO Data)                21880 (  21.37kB)
    Total RW  Size (RW Data + ZI Data)              2024 (   1.98kB)
    Total ROM Size (Code + RO Data + RW Data)      22416 (  21.89kB)

==============================================================================

